R0.half_inter_of_ne._proof_1_1: [propext, Quot.sound]
InfinitaryCombinatorics.DisjointType.realizes_swap: [propext]
InfinitaryCombinatorics.Formalizations.R0.prefixBits.eq_1: [propext, Classical.choice, Quot.sound]
InfinitaryCombinatorics.Formalizations.R0.predGraph_trace_tail._simp_1_1: [propext, Quot.sound]
InfinitaryCombinatorics.Formalizations.A2.firstDifference_restrict: [propext, Classical.choice, Quot.sound]
R0.centered_of_cofinite: [propext, Classical.choice, Quot.sound]
InfinitaryCombinatorics.Formalizations.A2.rigid_on_zero_cone: [propext, Classical.choice, Quot.sound]
InfinitaryCombinatorics.inIdeal_of_mem: [propext, Classical.choice, Quot.sound]
InfinitaryCombinatorics.splitBranchAux.eq_2: [propext, Classical.choice, Quot.sound]
InfinitaryCombinatorics.Formalizations.R0.extensionCost_le_of_local_bound: [propext, Classical.choice, Quot.sound]
InfinitaryCombinatorics.Formalizations.A1.typeSeq._proof_3: [propext, Quot.sound]
InfinitaryCombinatorics.Formalizations.A2.omega0_ne_zero': [propext, Classical.choice, Quot.sound]
InfinitaryCombinatorics.splitPick_lt_succ: [propext, Classical.choice, Quot.sound]
InfinitaryCombinatorics.Formalizations.A1.leftPos_ne_rightPos._proof_1_3: [propext, Quot.sound]
InfinitaryCombinatorics.Formalizations.R0.binaryWordCode_injective._proof_1_2: [propext, Quot.sound]
InfinitaryCombinatorics.Formalizations.A2.theorem_2_4: [propext, Classical.choice, Quot.sound]
InfinitaryCombinatorics.Formalizations.A1.jk_lt_nk: [propext, Quot.sound]
InfinitaryCombinatorics.Formalizations.A2.sharpBranch_ne_of_a._simp_1_4: [propext, Classical.choice, Quot.sound]
InfinitaryCombinatorics.Formalizations.A1.initialEmbedding._proof_2: [propext, Classical.choice, Quot.sound]
InfinitaryCombinatorics.almostDisjoint_equiv: [propext, Classical.choice, Quot.sound]
R0.exists_minimal_regular_splitting: [propext, Classical.choice, Quot.sound]
InfinitaryCombinatorics.splitPick.eq_1: [propext, Classical.choice, Quot.sound]
InfinitaryCombinatorics.Formalizations.R0.prefixValue_eventually_ne._proof_1_1: [propext, Classical.choice, Quot.sound]
InfinitaryCombinatorics.AlmostSubset.inter: [propext, Classical.choice, Quot.sound]
InfinitaryCombinatorics.Formalizations.FIMAD.Metatheory.independent_of_consistent_extensions: [propext, Quot.sound]
InfinitaryCombinatorics.Formalizations.A1.typeSeqW_boundedDepth: [propext, Classical.choice, Quot.sound]
InfinitaryCombinatorics.Formalizations.A2.firstDifference_zeroExtend: [propext, Classical.choice, Quot.sound]
InfinitaryCombinatorics.Formalizations.A1.K.eq_1: [propext, Classical.choice, Quot.sound]
InfinitaryCombinatorics.Formalizations.A1.rightPos.eq_1: [propext, Quot.sound]
InfinitaryCombinatorics.Formalizations.A1.tri_mono._proof_1_1: [propext, Quot.sound]
InfinitaryCombinatorics.Formalizations.R0.countable_infinite_mad_extension: [propext, Classical.choice, Quot.sound]
InfinitaryCombinatorics.Formalizations.A1.tri_lt_succ._proof_1_1: [propext, Quot.sound]
InfinitaryCombinatorics.Formalizations.R0.predecessorRows._proof_2: [propext, Quot.sound]
InfinitaryCombinatorics.Formalizations.A1.nextD_monotone: [propext, Classical.choice, Quot.sound]
InfinitaryCombinatorics.Formalizations.A1.typeSeq_left_apply: [propext, Quot.sound]
InfinitaryCombinatorics.Formalizations.A2.theorem_2_2: [propext, Classical.choice, Quot.sound]
InfinitaryCombinatorics.Formalizations.R0.cell_finite_relative_completion: [propext, Classical.choice, Quot.sound]
InfinitaryCombinatorics.Formalizations.R0.minimum_cost_completion: [propext, Classical.choice, Quot.sound]
InfinitaryCombinatorics.DisjointType.depthLE_swap._simp_1: [propext]
InfinitaryCombinatorics.PairColoring.triangleFree_extend_iff: [propext]
InfinitaryCombinatorics.Formalizations.A2.observation_counterexample._proof_1_3: [propext, Quot.sound]
InfinitaryCombinatorics.Formalizations.A1.typeSeq_depth._proof_1_1: [propext, Classical.choice, Quot.sound]
InfinitaryCombinatorics.Formalizations.R0.binaryParts_finite._simp_1_2: [propext]
InfinitaryCombinatorics.centered_mono: [propext, Quot.sound]
R0.splittingNumber_le_of_not_finIntersecting: [propext, Classical.choice, Quot.sound]
InfinitaryCombinatorics.Formalizations.R0.binaryWordCode_injective._proof_1_1: [propext, Quot.sound]
R0.trace_map: [propext, Classical.choice, Quot.sound]
InfinitaryCombinatorics.Formalizations.A1.leftPos_strictMono._proof_1_2: [propext, Quot.sound]
InfinitaryCombinatorics.Formalizations.A1.offset_le_block: [propext, Quot.sound]
InfinitaryCombinatorics.Formalizations.A1.limitPoint.eq_1: [propext, Classical.choice, Quot.sound]
InfinitaryCombinatorics.Formalizations.R0.predecessor_row_singleton: [propext, Classical.choice, Quot.sound]
InfinitaryCombinatorics.Formalizations.A2.natRestrict.congr_simp: [propext, Classical.choice, Quot.sound]
InfinitaryCombinatorics.Formalizations.R0.triangleHalf_trace: [propext, Classical.choice, Quot.sound]
InfinitaryCombinatorics.Formalizations.R0.partitionPart_almostEqual: [propext, Classical.choice, Quot.sound]
InfinitaryCombinatorics.Formalizations.A1.cantorPair_unpair._proof_1_2: [propext, Quot.sound]
InfinitaryCombinatorics.Formalizations.A2.agree_mono: []
InfinitaryCombinatorics.Stationary.mono: [propext]
InfinitaryCombinatorics.Formalizations.R0.finite_change_inter: [propext, Classical.choice, Quot.sound]
InfinitaryCombinatorics.Formalizations.R0.cellFinite_inter_support: [propext, Classical.choice, Quot.sound]
InfinitaryCombinatorics.Formalizations.R0.growingSelector._proof_1: [propext, Classical.choice, Quot.sound]
InfinitaryCombinatorics.Formalizations.A1.leftPos_lt._proof_1_1: [propext, Quot.sound]
InfinitaryCombinatorics.Formalizations.A1.typeGuessing_iff_allPoints: [propext, Classical.choice, Quot.sound]
InfinitaryCombinatorics.splitBranchAux.eq_def: [propext, Classical.choice, Quot.sound]
InfinitaryCombinatorics.Directed.Cycle.edge: []
InfinitaryCombinatorics.Formalizations.A2.canonicalColoring_no_five_on_copy: [propext, Classical.choice, Quot.sound]
InfinitaryCombinatorics.Formalizations.A2.natCoord.congr_simp: [propext, Classical.choice, Quot.sound]
InfinitaryCombinatorics.Formalizations.A2.cone_mono: [propext, Classical.choice, Quot.sound]
InfinitaryCombinatorics.Formalizations.R0.wordFin_bijective: [propext, Classical.choice, Quot.sound]
InfinitaryCombinatorics.Formalizations.R0.restriction_ad: [propext, Classical.choice, Quot.sound]
InfinitaryCombinatorics.splitPick._proof_1: [propext, Classical.choice, Quot.sound]
InfinitaryCombinatorics.Formalizations.R0.predecessorRows._proof_1: [propext, Classical.choice, Quot.sound]
InfinitaryCombinatorics.DisjointType.separated._proof_10: [propext, Quot.sound]
InfinitaryCombinatorics.Formalizations.A2.prepend_firstDifference: [propext, Quot.sound]
InfinitaryCombinatorics.Formalizations.A2.omegaEquiv._proof_1: [propext, Classical.choice, Quot.sound]
InfinitaryCombinatorics.Ladder.increasing: [propext, Classical.choice, Quot.sound]
InfinitaryCombinatorics.Formalizations.A2.sharpColorValue_middle: [propext, Classical.choice, Quot.sound]
InfinitaryCombinatorics.Formalizations.R0.prefixValue_lt: [propext, Classical.choice, Quot.sound]
InfinitaryCombinatorics.Formalizations.R0.singletonBlocks.eq_1: [propext, Classical.choice, Quot.sound]
InfinitaryCombinatorics.Formalizations.R0.triangleValue_ne_of_bit: [propext, Classical.choice, Quot.sound]
InfinitaryCombinatorics.Formalizations.R0.uniform_nonFinIntersecting_mad: [propext, Classical.choice, Quot.sound]
InfinitaryCombinatorics.DisjointType.separated._proof_5: [propext, Quot.sound]
InfinitaryCombinatorics.Formalizations.A2.agree_symm: []
InfinitaryCombinatorics.nowhereMAD_not_MAD: [propext, Classical.choice, Quot.sound]
InfinitaryCombinatorics.Formalizations.A2.firstDifference_of_nat: [propext, Classical.choice, Quot.sound]
InfinitaryCombinatorics.Formalizations.R0.predGraph_row_unique._proof_1_2: [propext, Quot.sound]
InfinitaryCombinatorics.Formalizations.A2.omegaBranch_injective: [propext, Classical.choice, Quot.sound]
InfinitaryCombinatorics.DisjointType.depth_spec: [propext, Classical.choice, Quot.sound]
_private.Formalizations.A1.CantorPairing.0.InfinitaryCombinatorics.Formalizations.A1.tri.match_1.eq_1: []
InfinitaryCombinatorics.Formalizations.A2.agree_succ_update._proof_1_3: [propext, Quot.sound]
InfinitaryCombinatorics.Formalizations.R0.restriction_countable_of_incidence: [propext, Classical.choice, Quot.sound]
InfinitaryCombinatorics.Formalizations.R0.triangleSelector_mem: [propext, Classical.choice, Quot.sound]
R0.mapBlocks._proof_2: [propext, Classical.choice, Quot.sound]
InfinitaryCombinatorics.DisjointType.mk.inj: []
InfinitaryCombinatorics.Formalizations.A2.firstDiff_sharpBranch_one: [propext, Classical.choice, Quot.sound]
InfinitaryCombinatorics.Formalizations.A1.leftPos.eq_1: [propext, Quot.sound]
InfinitaryCombinatorics.Formalizations.FIMAD.exists_minimum_nonseparable: [propext, Classical.choice, Quot.sound]
InfinitaryCombinatorics.Formalizations.R0.predecessor_completion_triangle._proof_1_2: [propext, Quot.sound]
InfinitaryCombinatorics.DisjointType.separated_depth: [propext, Classical.choice, Quot.sound]
InfinitaryCombinatorics.PairColoring.symm: []
InfinitaryCombinatorics.Formalizations.R0.countable_local_extensionCost_le: [propext, Classical.choice, Quot.sound]
InfinitaryCombinatorics.Formalizations.R0.extensionCost_le: [propext, Classical.choice, Quot.sound]
InfinitaryCombinatorics.Formalizations.R0.branch_injective: [propext, Classical.choice, Quot.sound]
InfinitaryCombinatorics.Formalizations.A2.binary_fusion._proof_1_3: [propext, Quot.sound]
InfinitaryCombinatorics.Formalizations.A2.zeroExtend.congr_simp: [propext, Classical.choice, Quot.sound]
InfinitaryCombinatorics.splitBranch_infinite: [propext, Classical.choice, Quot.sound]
InfinitaryCombinatorics.Formalizations.R0.predecessor_completion: [propext, Classical.choice, Quot.sound]
InfinitaryCombinatorics.Formalizations.A2.canonicalColoring_on_copy: [propext, Classical.choice, Quot.sound]
InfinitaryCombinatorics.Formalizations.R0.predColumn_infinite: [propext, Classical.choice, Quot.sound]
InfinitaryCombinatorics.Formalizations.A1.initialEmbedding._proof_1: [propext, Classical.choice, Quot.sound]
R0.wordPrefix.eq_1: [propext, Classical.choice, Quot.sound]
InfinitaryCombinatorics.DeltaRegressive._proof_1: [propext, Classical.choice, Quot.sound]
InfinitaryCombinatorics.Formalizations.R0.exists_regular_splitting_of_card: [propext, Classical.choice, Quot.sound]
InfinitaryCombinatorics.pr1Witness_mono_bound: [propext, Classical.choice, Quot.sound]
InfinitaryCombinatorics.Formalizations.R0.cardinal_le_of_countable_incidence: [propext, Classical.choice, Quot.sound]
InfinitaryCombinatorics.Formalizations.A2.fourEmbedding_colour_zero: [propext, Classical.choice, Quot.sound]
InfinitaryCombinatorics.Formalizations.R0.refinement_orthogonal: [propext, Classical.choice, Quot.sound]
InfinitaryCombinatorics.splitBranch_succ_subset: [propext, Classical.choice, Quot.sound]
InfinitaryCombinatorics.Formalizations.R0.triangleValue_ne_of_bit._proof_1_3: [propext, Classical.choice, Quot.sound]
InfinitaryCombinatorics.exists_unsplit_of_countable: [propext, Classical.choice, Quot.sound]
InfinitaryCombinatorics.Formalizations.A2.sub_one_eq_iff: [propext, Classical.choice, Quot.sound]
InfinitaryCombinatorics.Ladder.initialSegment_strictMono: [propext, Classical.choice, Quot.sound]
InfinitaryCombinatorics.Formalizations.R0.regularCode_injective._proof_1_2: [propext, Quot.sound]
InfinitaryCombinatorics.Formalizations.A1.jk_pos: [propext, Quot.sound]
InfinitaryCombinatorics.Formalizations.R0.selector_inter_finite._proof_1_1: [propext, Quot.sound]
R0.exists_non_finIntersecting_ad_of_size_splittingNumber: [propext, Classical.choice, Quot.sound]
InfinitaryCombinatorics.Formalizations.A2.extendOmega_omega: [propext, Classical.choice, Quot.sound]
R0.aleph0_le_splittingNumber: [propext, Classical.choice, Quot.sound]
InfinitaryCombinatorics.Formalizations.R0.ad_insert_orthogonal: [propext, Classical.choice, Quot.sound]
InfinitaryCombinatorics.Formalizations.R0.triangleValue_eventually_ne: [propext, Classical.choice, Quot.sound]
InfinitaryCombinatorics.Formalizations.R0.extensionCost_orthogonal_invariance: [propext, Classical.choice, Quot.sound]
InfinitaryCombinatorics.Formalizations.A1.tri.eq_1: []
InfinitaryCombinatorics.FirstDifference.symm: [propext]
InfinitaryCombinatorics.Formalizations.A1.self_le_tri: [propext, Quot.sound]
InfinitaryCombinatorics.Formalizations.A1.cantorFst_pair: [propext, Classical.choice, Quot.sound]
InfinitaryCombinatorics.Formalizations.A2.observation_counterexample: [propext, Classical.choice, Quot.sound]
InfinitaryCombinatorics.Formalizations.A1.jk_pos._proof_1_1: [propext, Quot.sound]
InfinitaryCombinatorics.Formalizations.A1.typeSeq_depthLE_one: [propext, Quot.sound]
InfinitaryCombinatorics.Formalizations.R0.binaryParts_maximalOn: [propext, Classical.choice, Quot.sound]
InfinitaryCombinatorics.Formalizations.A2.sharpness_finite_terminal_variation: [propext, Classical.choice, Quot.sound]
InfinitaryCombinatorics.Formalizations.R0.predColumns_ad: [propext, Classical.choice, Quot.sound]
InfinitaryCombinatorics.Formalizations.A1.thin._proof_2: [propext, Quot.sound]
InfinitaryCombinatorics.Formalizations.FIMAD.finIntersecting_iff_card_lt: [propext, Classical.choice, Quot.sound]
InfinitaryCombinatorics.Formalizations.A2.optionOrdinal_injective: [propext, Classical.choice, Quot.sound]
InfinitaryCombinatorics.Formalizations.A2.sharpBranch.eq_1: [propext, Classical.choice, Quot.sound]
InfinitaryCombinatorics.PairColoring.recolor._proof_1: []
InfinitaryCombinatorics.Formalizations.FIMAD.EventuallyEqual.finite_inter_complement: [propext,
 Classical.choice,
 Quot.sound]
InfinitaryCombinatorics.Formalizations.R0.predGraph_infinite._proof_1_2: [propext, Quot.sound]
InfinitaryCombinatorics.Formalizations.A1.typeGuessing_implies_K_thin: [propext, Classical.choice, Quot.sound]
InfinitaryCombinatorics.Formalizations.A2.observationColor._proof_1: [propext, Classical.choice, Quot.sound]
R0.splittingNumber_le: [propext, Classical.choice, Quot.sound]
InfinitaryCombinatorics.Formalizations.R0.finite_change_mad: [propext, Classical.choice, Quot.sound]
InfinitaryCombinatorics.Formalizations.A2.sharpColorValue._proof_1: [propext, Classical.choice, Quot.sound]
InfinitaryCombinatorics.Formalizations.R0.trace_splitting_replacement: [propext, Classical.choice, Quot.sound]
InfinitaryCombinatorics.Formalizations.A2.firstDiff_sharpBranch_one._simp_1_4: [propext, Classical.choice, Quot.sound]
InfinitaryCombinatorics.Formalizations.A2.extendOmega_firstDifference: [propext, Classical.choice, Quot.sound]
InfinitaryCombinatorics.Formalizations.R0.selector_trace: [propext, Classical.choice, Quot.sound]
InfinitaryCombinatorics.Formalizations.R0.mem_refinement._simp_1_2: [propext]
InfinitaryCombinatorics.Formalizations.A2.theorem_2_2._proof_1_1: [propext, Quot.sound]
InfinitaryCombinatorics.Formalizations.FIMAD.coding_of_nonempty_fibers: [propext, Classical.choice, Quot.sound]
InfinitaryCombinatorics.Formalizations.A2.theorem_2_3: [propext, Classical.choice, Quot.sound]
InfinitaryCombinatorics.Formalizations.R0.local_to_global_extension_bounds: [propext, Classical.choice, Quot.sound]
InfinitaryCombinatorics.Formalizations.A2.omegaCoord.eq_1: [propext, Classical.choice, Quot.sound]
InfinitaryCombinatorics.Formalizations.A1.exists_avoiding_gap._proof_1_5: [propext, Quot.sound]
InfinitaryCombinatorics.Formalizations.A2.agree_succ_update._proof_1_2: [propext, Quot.sound]
InfinitaryCombinatorics.Formalizations.A1.typeSeq_depthLE_one._proof_1_2: [propext, Quot.sound]
InfinitaryCombinatorics.Formalizations.A2.zero_lt_of_omega_lt: [propext, Classical.choice, Quot.sound]
InfinitaryCombinatorics.Formalizations.A1.leftPos_ne_rightPos._proof_1_2: [propext, Quot.sound]
InfinitaryCombinatorics.DisjointType.separated._proof_4: [propext, Quot.sound]
InfinitaryCombinatorics.Formalizations.A1.exists_pos._proof_1_3: [propext, Quot.sound]
InfinitaryCombinatorics.Formalizations.A1.typeSeq_depthLE_one._proof_1_1: [propext, Quot.sound]
InfinitaryCombinatorics.Formalizations.R0.exists_minimum_remainder: [propext, Classical.choice, Quot.sound]
InfinitaryCombinatorics.Formalizations.A2.one_ne_omega0': [propext, Classical.choice, Quot.sound]
InfinitaryCombinatorics.Formalizations.R0.prefixValue_agree: [propext, Classical.choice, Quot.sound]
InfinitaryCombinatorics.Formalizations.R0.regular_sets_card: [propext, Classical.choice, Quot.sound]
InfinitaryCombinatorics.ADFamily.mono: []
InfinitaryCombinatorics.Formalizations.FIMAD.not_finIntersecting_of_large: [propext, Classical.choice, Quot.sound]
InfinitaryCombinatorics.Formalizations.R0.countable_incidence_transfer: [propext, Classical.choice, Quot.sound]
InfinitaryCombinatorics.Formalizations.A2.restrictBranch.eq_1: [propext, Classical.choice, Quot.sound]
InfinitaryCombinatorics.Formalizations.A1.typeSeq._proof_1: [propext, Quot.sound]
InfinitaryCombinatorics.Ladder.mk.inj: [propext, Classical.choice, Quot.sound]
InfinitaryCombinatorics.Formalizations.A2.sharpColorValue_eq_omega_imp: [propext, Classical.choice, Quot.sound]
InfinitaryCombinatorics.Formalizations.R0.binaryWordCode_surjective: [propext, Classical.choice, Quot.sound]
InfinitaryCombinatorics.Formalizations.R0.treeFamily_card_eq: [propext, Classical.choice, Quot.sound]
InfinitaryCombinatorics.Formalizations.A1.typeSeq_order: [propext, Classical.choice, Quot.sound]
InfinitaryCombinatorics.Formalizations.A2.not_all_three_delta_eq: [propext, Classical.choice, Quot.sound]
InfinitaryCombinatorics.Formalizations.A2.agree_trans: []
InfinitaryCombinatorics.Formalizations.A1.rightPos_strictMono._proof_1_2: [propext, Quot.sound]
InfinitaryCombinatorics.Formalizations.A2.counterF.eq_1: []
InfinitaryCombinatorics.Formalizations.A1.tri_le_block._proof_1_4: [propext, Quot.sound]
InfinitaryCombinatorics.Formalizations.A1.exists_pos._proof_1_8: [propext, Quot.sound]
InfinitaryCombinatorics.Formalizations.A1.not_K_iff._simp_1_2: [propext, Classical.choice, Quot.sound]
InfinitaryCombinatorics.Formalizations.A1.block_pair._proof_1_2: [propext, Quot.sound]
InfinitaryCombinatorics.Formalizations.R0.extensionCost_restriction_le: [propext, Classical.choice, Quot.sound]
InfinitaryCombinatorics.Formalizations.A1.thin._proof_4: [propext, Classical.choice, Quot.sound]
InfinitaryCombinatorics.Formalizations.R0.cellFinite_completion_any: [propext, Classical.choice, Quot.sound]
InfinitaryCombinatorics.PairColoring.monochromatic_pullback: []
InfinitaryCombinatorics.Formalizations.R0.finite_completion: [propext, Classical.choice, Quot.sound]
InfinitaryCombinatorics.Formalizations.R0.AlmostEqual.preimage: [propext, Classical.choice, Quot.sound]
InfinitaryCombinatorics.Formalizations.R0.exists_remainder: [propext, Classical.choice, Quot.sound]
InfinitaryCombinatorics.exists_unsplit_of_sequence: [propext, Classical.choice, Quot.sound]
InfinitaryCombinatorics.Formalizations.A1.tri_closedForm: [propext, Quot.sound]
InfinitaryCombinatorics.Formalizations.A2.cone_congr: [propext, Classical.choice, Quot.sound]
InfinitaryCombinatorics.Formalizations.A2.canonicalColoring._proof_3: [propext, Classical.choice, Quot.sound]
InfinitaryCombinatorics.Formalizations.A1.ladderPoint._proof_1: [propext, Classical.choice, Quot.sound]
InfinitaryCombinatorics.Formalizations.A1.typeSeqW_depth: [propext, Classical.choice, Quot.sound]
InfinitaryCombinatorics.Directed.noShortCycles_pullback: []
R0.exists_splitter._proof_1_3: [propext, Classical.choice, Quot.sound]
InfinitaryCombinatorics.DisjointType.separated._proof_7: [propext, Quot.sound]
InfinitaryCombinatorics.Formalizations.A1.antiColoring_of_not_KA: [propext, Classical.choice, Quot.sound]
InfinitaryCombinatorics.Formalizations.R0.triangleValue_eventually_ne._proof_1_2: [propext, Quot.sound]
InfinitaryCombinatorics.Formalizations.A1.exists_ladder_in_set: [propext, Classical.choice, Quot.sound]
InfinitaryCombinatorics.Formalizations.A2.restrict_zeroExtend: [propext, Classical.choice, Quot.sound]
InfinitaryCombinatorics.Formalizations.A1.not_BDTG_of_not_KA: [propext, Classical.choice, Quot.sound]
InfinitaryCombinatorics.Formalizations.R0.predecessorRows._proof_5: [propext, Quot.sound]
InfinitaryCombinatorics.PairColoring.colorGraph._proof_1: []
InfinitaryCombinatorics.Formalizations.A2.natCoord.eq_1: [propext, Classical.choice, Quot.sound]
InfinitaryCombinatorics.Formalizations.A1.typeSeq_order._proof_1_3: [propext, Quot.sound]
_private.InfinitaryCombinatorics.DisjointType.0.InfinitaryCombinatorics.DisjointType.depth_exists: [propext]
R0.finIntersecting_of_map: [propext, Classical.choice, Quot.sound]
InfinitaryCombinatorics.Formalizations.A2.finiteIndex_natCoord: [propext, Classical.choice, Quot.sound]
InfinitaryCombinatorics.not_finIntersecting_of_split_traces: [propext, Classical.choice, Quot.sound]
InfinitaryCombinatorics.Formalizations.A1.rightPos_strictMono._proof_1_4: [propext, Quot.sound]
InfinitaryCombinatorics.Formalizations.R0.predecessor_completion_triangle._proof_1_1: [propext, Quot.sound]
InfinitaryCombinatorics.Formalizations.R0.maximalOn_image: [propext, Classical.choice, Quot.sound]
InfinitaryCombinatorics.Formalizations.A2.clique3_of_edges: [propext, Classical.choice, Quot.sound]
InfinitaryCombinatorics.Formalizations.R0.growingSelector_mem: [propext, Classical.choice, Quot.sound]
InfinitaryCombinatorics.Formalizations.R0.remainder_iff_completion: [propext, Classical.choice, Quot.sound]
InfinitaryCombinatorics.Formalizations.R0.uniform_nonFinIntersecting_mad_tree: [propext, Classical.choice, Quot.sound]
InfinitaryCombinatorics.Ladder.mk.sizeOf_spec: [propext, Classical.choice, Quot.sound]
InfinitaryCombinatorics.Formalizations.R0.exists_counterexample_of_size_s: [propext, Classical.choice, Quot.sound]
InfinitaryCombinatorics.splitBranchAux._proof_1: [propext, Classical.choice, Quot.sound]
InfinitaryCombinatorics.DisjointType.swap._proof_2: []
InfinitaryCombinatorics.Formalizations.A2.rigid_lower_bound._proof_1_1: [propext, Classical.choice, Quot.sound]
InfinitaryCombinatorics.Formalizations.A1.exists_avoiding_gap: [propext, Classical.choice, Quot.sound]
InfinitaryCombinatorics.DisjointType.depth_le: [propext, Classical.choice, Quot.sound]
InfinitaryCombinatorics.AlmostSubset.infinite: [propext, Classical.choice, Quot.sound]
InfinitaryCombinatorics.Formalizations.A1.block_min: [propext, Quot.sound]
InfinitaryCombinatorics.Formalizations.R0.maximalOn_iff_orthogonal: [propext, Classical.choice, Quot.sound]
InfinitaryCombinatorics.not_finIntersecting_of_subset: [propext, Classical.choice, Quot.sound]
InfinitaryCombinatorics.Formalizations.A2.no_triangle_of_delta_injective: [propext, Classical.choice, Quot.sound]
InfinitaryCombinatorics.Formalizations.R0.regularCode_regular._proof_1_2: [propext, Quot.sound]
InfinitaryCombinatorics.Formalizations.A1.thin._proof_1: [propext, Quot.sound]
InfinitaryCombinatorics.Separated.disjoint: [propext, Classical.choice, Quot.sound]
InfinitaryCombinatorics.Formalizations.R0.predGraph_row_unique: [propext, Classical.choice, Quot.sound]
InfinitaryCombinatorics.exists_boundedDepth_unboundedWidth._proof_1_1: [propext, Quot.sound]
InfinitaryCombinatorics.Formalizations.R0.binaryWordCode_surjective._proof_1_3: [propext, Quot.sound]
InfinitaryCombinatorics.Formalizations.R0.predGraph_cellFinite: [propext, Classical.choice, Quot.sound]
InfinitaryCombinatorics.AlmostSubset.eq_1: []
InfinitaryCombinatorics.Formalizations.R0.placementCardinals_nonempty: [propext, Classical.choice, Quot.sound]
InfinitaryCombinatorics.Formalizations.A2.fin4ToPair_injective: [propext, Classical.choice, Quot.sound]
InfinitaryCombinatorics.Formalizations.R0.nonFinIntersectingNumber_eq_splittingNumber: [propext,
 Classical.choice,
 Quot.sound]
InfinitaryCombinatorics.Formalizations.R0.partitionPart.eq_1: [propext, Classical.choice, Quot.sound]
InfinitaryCombinatorics.FirstDifference.eq_1: [propext]
InfinitaryCombinatorics.PairColoring.colorGraph._proof_2: []
InfinitaryCombinatorics.Directed.acyclic_pullback: []
InfinitaryCombinatorics.PairColoring.mk.injEq: [propext]
InfinitaryCombinatorics.Formalizations.A1.rightPos_strictMono._proof_1_1: [propext, Quot.sound]
InfinitaryCombinatorics.Formalizations.A2.canonicalColoring._proof_4: [propext, Classical.choice, Quot.sound]
InfinitaryCombinatorics.Formalizations.A1.leftPos_strictMono._proof_1_3: [propext, Quot.sound]
InfinitaryCombinatorics.Directed.Cycle.map._proof_1: []
R0.finIntersecting_of_nonsplitting_traces: [propext, Classical.choice, Quot.sound]
InfinitaryCombinatorics.Formalizations.A2.belowOmega._proof_1: [propext, Classical.choice, Quot.sound]
InfinitaryCombinatorics.Formalizations.A2.boundaryColor_no_triangle: [propext, Classical.choice, Quot.sound]
InfinitaryCombinatorics.DisjointType.mk.injEq: [propext]
InfinitaryCombinatorics.Formalizations.A1.tri.eq_def: []
InfinitaryCombinatorics.Formalizations.A2.optionOrdinal._proof_1: [propext, Classical.choice, Quot.sound]
InfinitaryCombinatorics.Formalizations.A2.nat_triangle: [propext, Classical.choice, Quot.sound]
InfinitaryCombinatorics.Formalizations.R0.almostDisjointnessNumber_le: [propext, Classical.choice, Quot.sound]
R0.nodeEquivNat._proof_1: [propext, Classical.choice, Quot.sound]
InfinitaryCombinatorics.Formalizations.A1.exists_block._proof_1_1: [propext, Quot.sound]
InfinitaryCombinatorics.Formalizations.R0.placement_formula: [propext, Classical.choice, Quot.sound]
InfinitaryCombinatorics.Formalizations.A2.rigid_on_zero_cone._proof_1_3: [propext, Classical.choice, Quot.sound]
R0.almostDisjoint_map: [propext, Classical.choice, Quot.sound]
InfinitaryCombinatorics.Formalizations.R0.mem_refinement._simp_1_3: [propext]
InfinitaryCombinatorics.Formalizations.R0.partitionPart_cover: [propext, Classical.choice, Quot.sound]
InfinitaryCombinatorics.Formalizations.A2.omegaBranch_nat: [propext, Classical.choice, Quot.sound]
InfinitaryCombinatorics.Formalizations.R0.restriction_subset: []
InfinitaryCombinatorics.Formalizations.A1.cantorFst_pair._proof_1_1: [propext, Quot.sound]
InfinitaryCombinatorics.Formalizations.A2.finiteIndex._proof_1: [propext, Classical.choice, Quot.sound]
InfinitaryCombinatorics.Formalizations.R0.triangleRow._proof_1: []
InfinitaryCombinatorics.splitBranch_succ: [propext, Classical.choice, Quot.sound]
InfinitaryCombinatorics.Formalizations.R0.regularCode_regular: [propext, Classical.choice, Quot.sound]
InfinitaryCombinatorics.Formalizations.A2.omegaBranch.eq_1: [propext, Classical.choice, Quot.sound]
InfinitaryCombinatorics.Formalizations.A1.jk_succ_lt_nk._proof_1_1: [propext, Quot.sound]
InfinitaryCombinatorics.Formalizations.A1.le_cantorPair_left._proof_1_1: [propext, Quot.sound]
InfinitaryCombinatorics.DisjointType.depth_swap: [propext, Classical.choice, Quot.sound]
InfinitaryCombinatorics.DisjointType.separated._proof_2: [propext, Quot.sound]
InfinitaryCombinatorics.Formalizations.A2.sharpColoringC.eq_1: [propext, Classical.choice, Quot.sound]
R0.indices.eq_1: []
InfinitaryCombinatorics.Formalizations.FIMAD.bounding_of_card_lt: [propext, Classical.choice, Quot.sound]
InfinitaryCombinatorics.Formalizations.A2.theorem_2_2._proof_1_5: [propext, Quot.sound]
InfinitaryCombinatorics.Formalizations.A2.binary_fusion: [propext, Classical.choice, Quot.sound]
InfinitaryCombinatorics.PairColoring.extend._proof_1: [propext]
InfinitaryCombinatorics.Formalizations.A2.restrictBranch._proof_1: [propext, Classical.choice, Quot.sound]
InfinitaryCombinatorics.Formalizations.A1.cantorFst_le: [propext, Quot.sound]
InfinitaryCombinatorics.Formalizations.R0.triangleValue_le: [propext, Classical.choice, Quot.sound]
InfinitaryCombinatorics.aleph0_lt_splittingNumber: [propext, Classical.choice, Quot.sound]
R0.splittingCardinals_nonempty: [propext, Classical.choice, Quot.sound]
InfinitaryCombinatorics.Formalizations.A1.antiColoring_of_empty_intervals._proof_1_1: [propext,
 Classical.choice,
 Quot.sound]
InfinitaryCombinatorics.splittingNumber_le_continuum: [propext, Classical.choice, Quot.sound]
InfinitaryCombinatorics.Formalizations.A1.typeSeq._proof_6: [propext, Quot.sound]
InfinitaryCombinatorics.Formalizations.A2.canonicalColoring._proof_1: [propext, Classical.choice, Quot.sound]
InfinitaryCombinatorics.FirstDifference.of_lt: [propext]
InfinitaryCombinatorics.Formalizations.R0.regularCode_regular._proof_1_3: [propext, Quot.sound]
InfinitaryCombinatorics.Formalizations.A1.extendColoring._proof_1: [propext, Classical.choice, Quot.sound]
InfinitaryCombinatorics.Formalizations.A2.rigid_on_zero_cone._proof_1_2: [propext, Classical.choice, Quot.sound]
InfinitaryCombinatorics.Formalizations.A2.clique4_in: [propext, Classical.choice, Quot.sound]
InfinitaryCombinatorics.Formalizations.A2.agree_refl: []
InfinitaryCombinatorics.Ladder.cofinal: [propext, Classical.choice, Quot.sound]
R0.FinSequence.mk.injEq: [propext, Classical.choice, Quot.sound]
InfinitaryCombinatorics.Formalizations.A2.firstDiff_sharpBranch_omega: [propext, Classical.choice, Quot.sound]
InfinitaryCombinatorics.Formalizations.A1.tri.eq_2: []
InfinitaryCombinatorics.Formalizations.A1.cantorSnd_pair._proof_1_1: [propext, Quot.sound]
R0.finite_family_unsplit: [propext, Classical.choice, Quot.sound]
InfinitaryCombinatorics.Formalizations.A1.leftPos_strictMono: [propext, Quot.sound]
InfinitaryCombinatorics.Directed.Cycle.mk.sizeOf_spec: []
InfinitaryCombinatorics.Formalizations.A2.corollary_3_2: [propext, Classical.choice, Quot.sound]
InfinitaryCombinatorics.DisjointType.swap_swap: []
InfinitaryCombinatorics.Formalizations.FIMAD.unboundedCardinals_nonempty: [propext, Quot.sound]
InfinitaryCombinatorics.splitStep_spec: [propext, Classical.choice, Quot.sound]
InfinitaryCombinatorics.DisjointType.disjoint: []
InfinitaryCombinatorics.Formalizations.A1.exists_pos._proof_1_5: [propext, Quot.sound]
InfinitaryCombinatorics.Formalizations.A2.omegaEquiv._proof_3: [propext, Classical.choice, Quot.sound]
InfinitaryCombinatorics.Formalizations.A1.localNumbering._proof_1: [propext, Classical.choice, Quot.sound]
InfinitaryCombinatorics.PairColoring.triangleFree_pullback: []
InfinitaryCombinatorics.Formalizations.A1.Diamond_implies_ClubGuessing: [propext, Classical.choice, Quot.sound]
InfinitaryCombinatorics.DisjointType.mk.sizeOf_spec: []
InfinitaryCombinatorics.pickRange_diff_splitBranch_finite: [propext, Classical.choice, Quot.sound]
InfinitaryCombinatorics.Formalizations.A1.typeSeq_order._proof_1_4: [propext, Quot.sound]
InfinitaryCombinatorics.Formalizations.A2.zero_lt_omega_add_one: [propext, Classical.choice, Quot.sound]
InfinitaryCombinatorics.Formalizations.A1.typeGuessing_implies_hits_thin: [propext, Classical.choice, Quot.sound]
R0.nonFinIntersectingNumber_eq_splittingNumber: [propext, Classical.choice, Quot.sound]
R0.treeBlocks._proof_2: [propext, Classical.choice, Quot.sound]
R0.treeFamily_card_le: [propext, Classical.choice, Quot.sound]
InfinitaryCombinatorics.Formalizations.A2.coord1.eq_1: [propext, Classical.choice, Quot.sound]
InfinitaryCombinatorics.Formalizations.A2.sharpColoring_regressive: [propext, Classical.choice, Quot.sound]
InfinitaryCombinatorics.Formalizations.A2.extendOmega_nat._simp_1_3: [propext, Classical.choice, Quot.sound]
InfinitaryCombinatorics.DisjointType.separated._proof_1: [propext, Quot.sound]
InfinitaryCombinatorics.Formalizations.A1.point_exists_gt: [propext, Classical.choice, Quot.sound]
InfinitaryCombinatorics.Formalizations.R0.binaryWordEquivNat._proof_1: [propext, Classical.choice, Quot.sound]
InfinitaryCombinatorics.PairColoring.blocksExtensions_iff: [propext, Classical.choice, Quot.sound]
InfinitaryCombinatorics.Formalizations.R0.triangleRows._proof_2: [propext, Classical.choice, Quot.sound]
InfinitaryCombinatorics.pickRange_infinite: [propext, Classical.choice, Quot.sound]
InfinitaryCombinatorics.Formalizations.A2.delta_maximal._proof_1_1: [propext, Quot.sound]
_private.InfinitaryCombinatorics.CountableSplitting.0.InfinitaryCombinatorics.splitBranchAux.match_1.eq_1: []
InfinitaryCombinatorics.Formalizations.R0.predGraph_local: [propext, Classical.choice, Quot.sound]
InfinitaryCombinatorics.Formalizations.R0.binaryWordCode_interval: [propext, Classical.choice, Quot.sound]
InfinitaryCombinatorics.Formalizations.A1.nextD_fiber_ordConnected: [propext, Classical.choice, Quot.sound]
InfinitaryCombinatorics.Formalizations.A2.counterG.eq_1: []
InfinitaryCombinatorics.Formalizations.A2.sharpColoring_hasClique4: [propext, Classical.choice, Quot.sound]
InfinitaryCombinatorics.almostSubset_iff_eventually: [propext, Classical.choice, Quot.sound]
InfinitaryCombinatorics.Formalizations.FIMAD.arbitrary_labels_below_ap: [propext, Classical.choice, Quot.sound]
InfinitaryCombinatorics.Formalizations.A1.jk_succ_lt_nk: [propext, Quot.sound]
InfinitaryCombinatorics.Formalizations.A1.tri_succ: []
InfinitaryCombinatorics.Formalizations.A1.cantorPair.eq_1: []
InfinitaryCombinatorics.Formalizations.R0.nonFinIntersecting_cardinal_spectrum: [propext, Classical.choice, Quot.sound]
InfinitaryCombinatorics.Ladder.initialSegment.eq_1: [propext, Classical.choice, Quot.sound]
InfinitaryCombinatorics.almostSubset_of_subset: [propext, Classical.choice, Quot.sound]
InfinitaryCombinatorics.Formalizations.R0.refinement.eq_1: []
R0.half_inter_same: [propext, Classical.choice, Quot.sound]
InfinitaryCombinatorics.Formalizations.A1.BDTG_implies_KA: [propext, Classical.choice, Quot.sound]
InfinitaryCombinatorics.Formalizations.R0.AlmostEqual.refl: [propext, Classical.choice, Quot.sound]
InfinitaryCombinatorics.MAD.eq_1: []
InfinitaryCombinatorics.Formalizations.A2.agree_update: [propext]
InfinitaryCombinatorics.Formalizations.A2.canonical_range: [propext, Classical.choice, Quot.sound]
InfinitaryCombinatorics.Formalizations.R0.branch_infinite: [propext, Classical.choice, Quot.sound]
InfinitaryCombinatorics.Formalizations.A2.sharpColorValue_symm: [propext, Classical.choice, Quot.sound]
InfinitaryCombinatorics.Formalizations.A2.sub_one_lt_of_lt_omega: [propext, Classical.choice, Quot.sound]
InfinitaryCombinatorics.Formalizations.A2.coord1._proof_1: [propext, Classical.choice, Quot.sound]
InfinitaryCombinatorics.Formalizations.R0.triangle_counterexample: [propext, Classical.choice, Quot.sound]
InfinitaryCombinatorics.DisjointType.Realizes.exists_range_eq: [propext, Quot.sound]
InfinitaryCombinatorics.Formalizations.A1.exists_pos._proof_1_7: [propext, Quot.sound]
InfinitaryCombinatorics.Formalizations.A1.typeSeq_depthLE_one._proof_1: [propext, Quot.sound]
InfinitaryCombinatorics.Formalizations.A2.no_three_same_delta: [propext, Classical.choice, Quot.sound]
InfinitaryCombinatorics.Formalizations.A1.countable_initialSegment: [propext, Classical.choice, Quot.sound]
InfinitaryCombinatorics.Formalizations.A2.fourEmbedding._proof_1: [propext, Classical.choice, Quot.sound]
InfinitaryCombinatorics.Formalizations.R0.mad_card_lower: [propext, Classical.choice, Quot.sound]
InfinitaryCombinatorics.Formalizations.A2.sharpColoring_value: [propext, Classical.choice, Quot.sound]
InfinitaryCombinatorics.Formalizations.A2.Cone.eq_1: [propext, Classical.choice, Quot.sound]
InfinitaryCombinatorics.aleph_one_le_splittingNumber: [propext, Classical.choice, Quot.sound]
InfinitaryCombinatorics.Formalizations.A2.rigid_lower_bound._proof_1_5: [propext, Classical.choice, Quot.sound]
InfinitaryCombinatorics.Splitting_not_countable: [propext, Classical.choice, Quot.sound]
InfinitaryCombinatorics.PairColoring.pullback._proof_1: []
InfinitaryCombinatorics.Formalizations.R0.triangleFamily_not_finIntersecting: [propext, Classical.choice, Quot.sound]
InfinitaryCombinatorics.Formalizations.R0.binaryParts_finite._simp_1_1: [propext]
InfinitaryCombinatorics.monochromatic_recolor: []
InfinitaryCombinatorics.Formalizations.A1.leftPos_strictMono._proof_1_1: [propext, Quot.sound]
InfinitaryCombinatorics.Formalizations.A1.exists_avoiding_gap._proof_1_4: [propext, Quot.sound]
InfinitaryCombinatorics.Formalizations.A1.G_implies_KA: [propext, Classical.choice, Quot.sound]
InfinitaryCombinatorics.Formalizations.R0.cellFinite_completion: [propext, Classical.choice, Quot.sound]
InfinitaryCombinatorics.Formalizations.A1.jk_le: [propext, Quot.sound]
InfinitaryCombinatorics.Formalizations.R0.union_card_eq_max: [propext, Classical.choice, Quot.sound]
InfinitaryCombinatorics.Formalizations.A1.extendColoring.eq_1: [propext, Classical.choice, Quot.sound]
InfinitaryCombinatorics.Formalizations.A2.boundaryColor_no_triangle._proof_1_1: [propext, Classical.choice, Quot.sound]
InfinitaryCombinatorics.infinite_exists_gt: [propext, Classical.choice, Quot.sound]
InfinitaryCombinatorics.delta_triangle: [propext, Classical.choice, Quot.sound]
InfinitaryCombinatorics.Formalizations.A2.natRestrict.eq_1: [propext, Classical.choice, Quot.sound]
InfinitaryCombinatorics.DisjointType.Realizes.depthLE_iff: [propext, Quot.sound]
InfinitaryCombinatorics.Formalizations.A1.localNumbering_injOn_empty: [propext, Classical.choice, Quot.sound]
InfinitaryCombinatorics.Ladder.eventually_above: [propext, Classical.choice, Quot.sound]
InfinitaryCombinatorics.Formalizations.A1.leftPos_ne_rightPos._proof_1_1: [propext, Quot.sound]
InfinitaryCombinatorics.splitBranch.eq_1: [propext, Classical.choice, Quot.sound]
InfinitaryCombinatorics.Formalizations.A1.tri_closedForm._proof_1_1: [propext, Quot.sound]
R0.splittingNumber_isLeast: [propext, Classical.choice, Quot.sound]
InfinitaryCombinatorics.Formalizations.A2.rigid_lower_bound._proof_1_7: [propext, Classical.choice, Quot.sound]
InfinitaryCombinatorics.Formalizations.A2.rigid_lower_bound._proof_1_3: [propext, Classical.choice, Quot.sound]
R0.retainedTraces_map: [propext, Classical.choice, Quot.sound]
InfinitaryCombinatorics.Formalizations.A1.rightPos_lt: [propext, Quot.sound]
InfinitaryCombinatorics.splitBranchAux.eq_1: [propext, Classical.choice, Quot.sound]
InfinitaryCombinatorics.Formalizations.R0.growingSelector_eventually_ne: [propext, Classical.choice, Quot.sound]
InfinitaryCombinatorics.Formalizations.R0.treeFamily_extensionCost: [propext, Classical.choice, Quot.sound]
InfinitaryCombinatorics.Formalizations.A2.fourEmbedding.eq_1: [propext, Classical.choice, Quot.sound]
InfinitaryCombinatorics.Formalizations.R0.mem_refinement: [propext, Quot.sound]
InfinitaryCombinatorics.Formalizations.R0.selector_injective: [propext, Classical.choice, Quot.sound]
InfinitaryCombinatorics.Formalizations.R0.partitionOwner.eq_1: [propext, Classical.choice, Quot.sound]
InfinitaryCombinatorics.splitPick_strictMono: [propext, Classical.choice, Quot.sound]
InfinitaryCombinatorics.Formalizations.A2.sharpColoring._proof_1: [propext, Classical.choice, Quot.sound]
InfinitaryCombinatorics.Formalizations.R0.remainder_of_completion: [propext, Classical.choice, Quot.sound]
InfinitaryCombinatorics.Formalizations.R0.triangleHalf.eq_1: [propext, Classical.choice, Quot.sound]
R0.mapBlocks._proof_3: [propext, Classical.choice, Quot.sound]
InfinitaryCombinatorics.Formalizations.A2.delta_maximal: [propext, Classical.choice, Quot.sound]
InfinitaryCombinatorics.Formalizations.A1.limitBelow_card_le: [propext, Classical.choice, Quot.sound]
InfinitaryCombinatorics.Formalizations.A1.cantorPair_closedForm: [propext, Quot.sound]
InfinitaryCombinatorics.Formalizations.R0.wordValue_injective: [propext, Classical.choice, Quot.sound]
InfinitaryCombinatorics.Formalizations.A1.exists_pos._proof_1_1: [propext, Quot.sound]
InfinitaryCombinatorics.Formalizations.FIMAD.uniform_trace_coding._proof_1_4: [propext, Classical.choice, Quot.sound]
InfinitaryCombinatorics.Formalizations.R0.exists_minimum_mad: [propext, Classical.choice, Quot.sound]
InfinitaryCombinatorics.Formalizations.R0.ad_union_orthogonal: [propext, Quot.sound]
InfinitaryCombinatorics.Formalizations.A1.exists_avoiding_gap._proof_1_2: [propext, Quot.sound]
InfinitaryCombinatorics.Formalizations.A1.typeSeq_order._proof_1_5: [propext, Quot.sound]
InfinitaryCombinatorics.Formalizations.A2.normalizedPullback.eq_1: [propext, Classical.choice, Quot.sound]
InfinitaryCombinatorics.Formalizations.R0.regularCode_regular._proof_1_4: [propext, Quot.sound]
R0.exists_splitter: [propext, Classical.choice, Quot.sound]
InfinitaryCombinatorics.exists_boundedDepth_unboundedWidth: [propext, Classical.choice, Quot.sound]
InfinitaryCombinatorics.Formalizations.A1.not_K_iff: [propext, Classical.choice, Quot.sound]
InfinitaryCombinatorics.Formalizations.A1.extendColoring_limit: [propext, Classical.choice, Quot.sound]
InfinitaryCombinatorics.Formalizations.A1.block_spec: [propext, Quot.sound]
InfinitaryCombinatorics.Formalizations.A2.sharpColorValue.congr_simp: [propext, Classical.choice, Quot.sound]
InfinitaryCombinatorics.Formalizations.A1.cantorPair_unpair: [propext, Quot.sound]
InfinitaryCombinatorics.Formalizations.A1.nextD_fiber_countable: [propext, Classical.choice, Quot.sound]
InfinitaryCombinatorics.Formalizations.R0.partitionPart_infinite: [propext, Classical.choice, Quot.sound]
_private.Formalizations.A1.CantorPairing.0.InfinitaryCombinatorics.Formalizations.A1.tri.match_1.eq_2: []
InfinitaryCombinatorics.Formalizations.A2.extendOmega.congr_simp: [propext, Classical.choice, Quot.sound]
InfinitaryCombinatorics.Formalizations.A2.extraColoring_no_triangle: [propext, Classical.choice, Quot.sound]
R0.FinSequence.nonempty: [propext, Classical.choice, Quot.sound]
InfinitaryCombinatorics.Formalizations.A2.boundaryColor.eq_1: [propext, Classical.choice, Quot.sound]
R0.splitting_univ: [propext, Classical.choice, Quot.sound]
InfinitaryCombinatorics.Formalizations.R0.Remainder.eq_1: []
InfinitaryCombinatorics.Formalizations.A2.finiteIndex_spec: [propext, Classical.choice, Quot.sound]
InfinitaryCombinatorics.Formalizations.A2.sharpColoring.eq_1: [propext, Classical.choice, Quot.sound]
InfinitaryCombinatorics.Formalizations.R0.exists_maximal_extension: [propext, Classical.choice, Quot.sound]
InfinitaryCombinatorics.DisjointType.separated._proof_6: [propext, Quot.sound]
InfinitaryCombinatorics.Formalizations.A1.exists_pos._proof_1_6: [propext, Quot.sound]
InfinitaryCombinatorics.Formalizations.A1.exists_next: [propext, Classical.choice, Quot.sound]
InfinitaryCombinatorics.Formalizations.R0.exists_nonFinIntersecting_mad_size_a: [propext, Classical.choice, Quot.sound]
R0.not_finIntersecting_map: [propext, Classical.choice, Quot.sound]
InfinitaryCombinatorics.splitPick.eq_2: [propext, Classical.choice, Quot.sound]
InfinitaryCombinatorics.Formalizations.R0.triangleSelector_eventually_ne: [propext, Classical.choice, Quot.sound]
InfinitaryCombinatorics.Formalizations.A1.rightPos_lt._proof_1_2: [propext, Quot.sound]
InfinitaryCombinatorics.Formalizations.R0.exists_minimum_mad_nat: [propext, Classical.choice, Quot.sound]
InfinitaryCombinatorics.Formalizations.R0.triangleHalf_inter_same: [propext, Classical.choice, Quot.sound]
InfinitaryCombinatorics.Formalizations.A1.typeSeq_not_depthLE_zero: [propext, Classical.choice, Quot.sound]
InfinitaryCombinatorics.full_size_fiber: [propext, Classical.choice, Quot.sound]
InfinitaryCombinatorics.splitStep_exists: [propext, Classical.choice, Quot.sound]
InfinitaryCombinatorics.Formalizations.A2.sharpBranch_ne_of_a: [propext, Classical.choice, Quot.sound]
InfinitaryCombinatorics.Formalizations.A2.agree_succ_update._proof_1_1: [propext, Quot.sound]
InfinitaryCombinatorics.Formalizations.A1.not_K_iff._simp_1_3: [propext]
InfinitaryCombinatorics.Directed.isDicoloring_iff_fibers: []
InfinitaryCombinatorics.Formalizations.FIMAD.boundingNumber_le_almostDisjointnessNumber: [propext,
 Classical.choice,
 Quot.sound]
InfinitaryCombinatorics.Formalizations.R0.orthogonal_restriction: [propext, Classical.choice, Quot.sound]
InfinitaryCombinatorics.Formalizations.A2.counterH.eq_1: []
InfinitaryCombinatorics.Formalizations.A1.thin._proof_3: [propext, Classical.choice, Quot.sound]
InfinitaryCombinatorics.Formalizations.A2.sharpColorValue_eq_zero_imp: [propext, Classical.choice, Quot.sound]
InfinitaryCombinatorics.Formalizations.R0.wordValue_lt: [propext, Quot.sound]
InfinitaryCombinatorics.Formalizations.R0.predecessorRows._simp_1: [propext]
InfinitaryCombinatorics.Formalizations.R0.binaryWordCode_interval._proof_1_1: [propext, Classical.choice, Quot.sound]
InfinitaryCombinatorics.almostSubset_iff_eventually._proof_1_1: [propext, Quot.sound]
InfinitaryCombinatorics.Formalizations.R0.predGraph_trace_tail._simp_1_2: [propext, Classical.choice, Quot.sound]
InfinitaryCombinatorics.Formalizations.A1.tri_le_block: [propext, Quot.sound]
InfinitaryCombinatorics.Formalizations.R0.countable_completion: [propext, Classical.choice, Quot.sound]
InfinitaryCombinatorics.Formalizations.R0.nonFinIntersecting_mad_size_a_iff: [propext, Classical.choice, Quot.sound]
InfinitaryCombinatorics.Formalizations.A1.localNumbering_injective_fiber: [propext, Classical.choice, Quot.sound]
InfinitaryCombinatorics.Formalizations.A1.thin_seq: [propext, Classical.choice, Quot.sound]
InfinitaryCombinatorics.Formalizations.A2.Proposition53._proof_1: [propext, Classical.choice, Quot.sound]
InfinitaryCombinatorics.Formalizations.A1.exists_pos: [propext, Quot.sound]
InfinitaryCombinatorics.Ladder.ordinal_ne_succ: [propext, Classical.choice, Quot.sound]
InfinitaryCombinatorics.Formalizations.R0.restrict_remainder: [propext, Classical.choice, Quot.sound]
InfinitaryCombinatorics.Formalizations.A1.typeSeq._proof_4: [propext, Quot.sound]
InfinitaryCombinatorics.Formalizations.FIMAD.no_fi_mad_of_s_lt_ap: [propext, Classical.choice, Quot.sound]
InfinitaryCombinatorics.Formalizations.FIMAD.finIntersecting_iff_card_lt_of_ap_le_b: [propext,
 Classical.choice,
 Quot.sound]
InfinitaryCombinatorics.Formalizations.R0.nonFinIntersecting_countable_incidence_transfer: [propext,
 Classical.choice,
 Quot.sound]
InfinitaryCombinatorics.FirstDifference.ne: [propext]
InfinitaryCombinatorics.Formalizations.R0.mad_not_countable: [propext, Classical.choice, Quot.sound]
InfinitaryCombinatorics.Formalizations.A1.antiColoring_of_empty_intervals: [propext, Classical.choice, Quot.sound]
InfinitaryCombinatorics.Formalizations.R0.exact_trace_realization: [propext, Classical.choice, Quot.sound]
InfinitaryCombinatorics.Formalizations.R0.prefixValue_eventually_ne: [propext, Classical.choice, Quot.sound]
InfinitaryCombinatorics.Formalizations.R0.mad_not_countable._proof_1_2: [propext, Quot.sound]
InfinitaryCombinatorics.Formalizations.A1.BDTG_implies_G: [propext, Classical.choice, Quot.sound]
InfinitaryCombinatorics.Formalizations.A1.rightPos_lt._proof_1_1: [propext, Quot.sound]
InfinitaryCombinatorics.delta_spec: [propext, Classical.choice, Quot.sound]
InfinitaryCombinatorics.Formalizations.A2.rigid_lower_bound._proof_1_2: [propext, Classical.choice, Quot.sound]
InfinitaryCombinatorics.Formalizations.A1.accumulationPoints_isClub: [propext, Classical.choice, Quot.sound]
InfinitaryCombinatorics.Formalizations.A1.leftPos_ne_rightPos._proof_1_4: [propext, Quot.sound]
InfinitaryCombinatorics.Formalizations.A2.observationColor.eq_1: [propext, Classical.choice, Quot.sound]
InfinitaryCombinatorics.Formalizations.A1.typeSeq._proof_2: [propext, Quot.sound]
InfinitaryCombinatorics.Formalizations.A1.jk_le._proof_1_1: [propext, Quot.sound]
InfinitaryCombinatorics.Formalizations.R0.refinement_card_ge: [propext, Classical.choice, Quot.sound]
InfinitaryCombinatorics.Formalizations.A2.delta_maximal._proof_1_2: [propext, Quot.sound]
R0.half_inter_of_ne._proof_1_3: [propext, Quot.sound]
InfinitaryCombinatorics.Stationary.inter_club: [propext, Classical.choice, Quot.sound]
R0.treeFamily_almostDisjoint: [propext, Classical.choice, Quot.sound]
R0.not_centered_of_disjoint: [propext, Classical.choice, Quot.sound]
R0.half_infinite: [propext, Classical.choice, Quot.sound]
InfinitaryCombinatorics.Formalizations.R0.aleph0_lt_almostDisjointnessNumber: [propext, Classical.choice, Quot.sound]
InfinitaryCombinatorics.DisjointType.depthLE_mono: [propext]
InfinitaryCombinatorics.Formalizations.R0.trace_branch: [propext, Classical.choice, Quot.sound]
InfinitaryCombinatorics.ideal_proper_of_infinite_ad: [propext, Classical.choice, Quot.sound]
InfinitaryCombinatorics.Formalizations.R0.binaryParts_finite: [propext, Classical.choice, Quot.sound]
R0.Splitting.infinite: [propext, Classical.choice, Quot.sound]
InfinitaryCombinatorics.Formalizations.A1.typeSeq_right_apply: [propext, Quot.sound]
InfinitaryCombinatorics.Formalizations.R0.wordVector.eq_1: [propext, Quot.sound]
InfinitaryCombinatorics.Formalizations.R0.predGraph_infinite._proof_1_1: [propext, Quot.sound]
InfinitaryCombinatorics.Formalizations.A1.cantorPair_inj: [propext, Classical.choice, Quot.sound]
InfinitaryCombinatorics.Formalizations.R0.singleton_trace: [propext, Classical.choice, Quot.sound]
InfinitaryCombinatorics.Formalizations.A2.no_triangle_of_delta_injective_branch: [propext, Classical.choice, Quot.sound]
R0.exists_splitter._proof_1_2: [propext, Classical.choice, Quot.sound]
InfinitaryCombinatorics.Formalizations.R0.binaryWordCode_surjective._proof_1_1: [propext, Quot.sound]
InfinitaryCombinatorics.Formalizations.A2.rigid_lower_bound._proof_1_4: [propext, Classical.choice, Quot.sound]
InfinitaryCombinatorics.Formalizations.A2.zeroExtend.eq_1: [propext, Classical.choice, Quot.sound]
InfinitaryCombinatorics.Formalizations.R0.no_trace_splitting_of_pairwise_finite: [propext, Classical.choice, Quot.sound]
InfinitaryCombinatorics.Formalizations.A2.rigid_lower_bound._proof_1_10: [propext, Classical.choice, Quot.sound]
InfinitaryCombinatorics.Formalizations.A2.canonicalColoring_regressive: [propext, Classical.choice, Quot.sound]
InfinitaryCombinatorics.Formalizations.A1.two_mul_tri: [propext, Quot.sound]
InfinitaryCombinatorics.Formalizations.R0.infinite_of_trace_infinite: [propext, Classical.choice, Quot.sound]
InfinitaryCombinatorics.Formalizations.R0.selector_block_subsingleton: [propext, Classical.choice, Quot.sound]
InfinitaryCombinatorics.Formalizations.A1.pairInv_unique: [propext, Classical.choice, Quot.sound]
InfinitaryCombinatorics.Formalizations.R0.remainder_maximalOn: [propext, Classical.choice, Quot.sound]
InfinitaryCombinatorics.family_image_inverse: [propext, Quot.sound]
InfinitaryCombinatorics.Formalizations.R0.binary_refinement_mad: [propext, Classical.choice, Quot.sound]
R0.finIntersecting_of_card_lt: [propext, Classical.choice, Quot.sound]
R0.treeFamily_not_finIntersecting: [propext, Classical.choice, Quot.sound]
InfinitaryCombinatorics.Formalizations.A2.rigid_on_zero_cone._proof_1_1: [propext, Classical.choice, Quot.sound]
R0.exists_splitter._proof_1_1: [propext, Classical.choice, Quot.sound]
InfinitaryCombinatorics.Formalizations.A2.normalizedPullback_on_zero_cone: [propext, Classical.choice, Quot.sound]
InfinitaryCombinatorics.Formalizations.A2.sharpBranch_ne_of_b: [propext, Classical.choice, Quot.sound]
InfinitaryCombinatorics.DisjointType.swap._proof_1: []
InfinitaryCombinatorics.Formalizations.A1.typeSeq_depth: [propext, Classical.choice, Quot.sound]
R0.FinSequence.finite: [propext, Classical.choice, Quot.sound]
InfinitaryCombinatorics.Formalizations.R0.finite_trace_of_finite: [propext, Classical.choice, Quot.sound]
InfinitaryCombinatorics.Formalizations.A2.omegaEquiv._proof_2: [propext, Classical.choice, Quot.sound]
InfinitaryCombinatorics.splitBranch_succ_decides: [propext, Classical.choice, Quot.sound]
R0.treeBlocks._proof_3: [propext, Classical.choice, Quot.sound]
InfinitaryCombinatorics.Formalizations.R0.exists_mad_extension: [propext, Classical.choice, Quot.sound]
InfinitaryCombinatorics.Formalizations.A1.leftPos_lt._proof_1_2: [propext, Quot.sound]
InfinitaryCombinatorics.Formalizations.A2.canonicalColoring._proof_2: [propext, Classical.choice, Quot.sound]
InfinitaryCombinatorics.AlmostSubset.trans: [propext, Classical.choice, Quot.sound]
InfinitaryCombinatorics.DisjointType.Realizes.strictMono_right: [propext, Quot.sound]
InfinitaryCombinatorics.Formalizations.R0.selector_realization: [propext, Classical.choice, Quot.sound]
InfinitaryCombinatorics.Formalizations.R0.extensionCost_le_of_countable_incidence: [propext,
 Classical.choice,
 Quot.sound]
InfinitaryCombinatorics.AlmostSubset.refl: [propext, Classical.choice, Quot.sound]
InfinitaryCombinatorics.Ladder.ordinal_ne_zero: [propext, Classical.choice, Quot.sound]
InfinitaryCombinatorics.Formalizations.R0.binaryWordCode_injective: [propext, Classical.choice, Quot.sound]
InfinitaryCombinatorics.Formalizations.A2.extendOmega_nat: [propext, Classical.choice, Quot.sound]
InfinitaryCombinatorics.Formalizations.R0.placement_at_a_iff: [propext, Classical.choice, Quot.sound]
InfinitaryCombinatorics.Formalizations.A2.rigid_lower_bound._proof_1_9: [propext, Classical.choice, Quot.sound]
InfinitaryCombinatorics.Formalizations.A2.extraColoring_regressive: [propext, Classical.choice, Quot.sound]
InfinitaryCombinatorics.delta._proof_1: [propext]
InfinitaryCombinatorics.DisjointType.separated_depth._proof_1_1: [propext, Quot.sound]
R0.Splits.of_subset: [propext, Classical.choice, Quot.sound]
InfinitaryCombinatorics.Formalizations.A2.binary_fusion._proof_1_1: [propext, Quot.sound]
InfinitaryCombinatorics.Formalizations.R0.placementNumber_le: [propext, Classical.choice, Quot.sound]
InfinitaryCombinatorics.Formalizations.A2.cone_empty: [propext, Classical.choice, Quot.sound]
InfinitaryCombinatorics.Formalizations.A2.sharpColorValue_of_delta_one: [propext, Classical.choice, Quot.sound]
InfinitaryCombinatorics.Formalizations.FIMAD.boundingNumber_le_mad_card: [propext, Classical.choice, Quot.sound]
InfinitaryCombinatorics.ADFamily.eq_1: []
R0.treeBlocks._proof_1: [propext, Classical.choice, Quot.sound]
InfinitaryCombinatorics.Formalizations.R0.maximalOn_embedding: [propext, Classical.choice, Quot.sound]
R0.mapBlocks._proof_1: [propext, Classical.choice, Quot.sound]
InfinitaryCombinatorics.Formalizations.R0.triangleHalf_inter_ne: [propext, Classical.choice, Quot.sound]
InfinitaryCombinatorics.Formalizations.R0.mad_trace_hitting: [propext, Classical.choice, Quot.sound]
InfinitaryCombinatorics.Directed.Cycle.map._proof_2: []
InfinitaryCombinatorics.Formalizations.R0.trace_inter_blocksOver: [propext, Classical.choice, Quot.sound]
InfinitaryCombinatorics.Formalizations.A2.extendOmega.eq_1: [propext, Classical.choice, Quot.sound]
InfinitaryCombinatorics.Formalizations.A1.self_le_tri._proof_1_4: [propext, Quot.sound]
InfinitaryCombinatorics.Formalizations.A2.sharpColorValue_lt: [propext, Classical.choice, Quot.sound]
InfinitaryCombinatorics.Formalizations.A2.natCoord._proof_1: [propext, Classical.choice, Quot.sound]
InfinitaryCombinatorics.Formalizations.A1.isSuccLimit_of_unboundedBelow: [propext, Classical.choice, Quot.sound]
InfinitaryCombinatorics.Formalizations.R0.mad_iff_infinite_maximalOn._simp_1_4: [propext]
InfinitaryCombinatorics.Formalizations.A1.nextD._proof_1: [propext, Classical.choice, Quot.sound]
InfinitaryCombinatorics.Formalizations.R0.AlmostEqual.trans: [propext, Classical.choice, Quot.sound]
InfinitaryCombinatorics.Formalizations.A1.ladderPoint_strictMono: [propext, Classical.choice, Quot.sound]
InfinitaryCombinatorics.Formalizations.A1.limitPoint._proof_1: [propext, Classical.choice, Quot.sound]
InfinitaryCombinatorics.Formalizations.A2.boundaryColor._proof_1: [propext, Classical.choice, Quot.sound]
InfinitaryCombinatorics.Formalizations.A1.jk_lt_nk._proof_1_1: [propext, Quot.sound]
InfinitaryCombinatorics.Formalizations.A2.normalizedPullback_at_zero: [propext, Classical.choice, Quot.sound]
InfinitaryCombinatorics.PairColoring.mk.congr_simp: []
InfinitaryCombinatorics.Formalizations.A2.rigid_lower_bound._proof_1_6: [propext, Classical.choice, Quot.sound]
InfinitaryCombinatorics.DisjointType.separated._proof_3: [propext, Quot.sound]
InfinitaryCombinatorics.Formalizations.R0.finite_cover_maximalOn: [propext, Classical.choice, Quot.sound]
InfinitaryCombinatorics.Formalizations.A1.exists_pos._proof_1_2: [propext, Quot.sound]
R0.centered_of_cofinite._simp_1_1: [propext]
InfinitaryCombinatorics.Formalizations.FIMAD.fi_mad_implies_ap_le_s: [propext, Classical.choice, Quot.sound]
InfinitaryCombinatorics.Formalizations.A1.thin._proof_5: [propext, Classical.choice, Quot.sound]
InfinitaryCombinatorics.Formalizations.A1.typeSeq_not_depthLE_zero._proof_1_1: [propext, Quot.sound]
InfinitaryCombinatorics.mad_iff_maximal: [propext, Classical.choice, Quot.sound]
R0.FinSequence.disjoint: [propext, Classical.choice, Quot.sound]
R0.half_inter_of_ne: [propext, Classical.choice, Quot.sound]
InfinitaryCombinatorics.FirstDifference.unique: [propext]
InfinitaryCombinatorics.splitBranch_antitone._proof_1_1: [propext, Quot.sound]
InfinitaryCombinatorics.Formalizations.FIMAD.infinite_ad_not_mad_of_bounding: [propext, Classical.choice, Quot.sound]
InfinitaryCombinatorics.Formalizations.A2.sharpColorValue_of_delta_omega: [propext, Classical.choice, Quot.sound]
R0.trace_half: [propext, Classical.choice, Quot.sound]
InfinitaryCombinatorics.Formalizations.R0.maximalOn_univ_iff: []
R0.FinSequence.mk.congr_simp: [propext, Classical.choice, Quot.sound]
InfinitaryCombinatorics.Formalizations.A2.binary_fusion._proof_1_2: [propext, Quot.sound]
InfinitaryCombinatorics.Formalizations.FIMAD.uniform_trace_coding._proof_1_2: [propext, Classical.choice, Quot.sound]
R0.centered_of_cofinite._simp_1_2: [propext]
InfinitaryCombinatorics.Formalizations.R0.exists_relative_maximal: [propext, Classical.choice, Quot.sound]
InfinitaryCombinatorics.Formalizations.R0.orthogonal_mono_set: [propext, Classical.choice, Quot.sound]
InfinitaryCombinatorics.Formalizations.R0.regularCode_regular._proof_1_1: [propext, Quot.sound]
InfinitaryCombinatorics.Formalizations.A1.two_mul_tri._proof_1_1: [propext, Quot.sound]
InfinitaryCombinatorics.Formalizations.A1.leftPos_lt: [propext, Quot.sound]
InfinitaryCombinatorics.Formalizations.A2.agree_succ_update: [propext, Quot.sound]
InfinitaryCombinatorics.Formalizations.A1.nextD_le: [propext, Classical.choice, Quot.sound]
InfinitaryCombinatorics.inIdeal_of_finite: [propext, Classical.choice, Quot.sound]
InfinitaryCombinatorics.Formalizations.R0.exists_minimum_placement: [propext, Classical.choice, Quot.sound]
InfinitaryCombinatorics.Formalizations.A1.cantorSnd_pair: [propext, Classical.choice, Quot.sound]
InfinitaryCombinatorics.Formalizations.R0.blockSize_pos: [propext, Classical.choice, Quot.sound]
InfinitaryCombinatorics.Formalizations.FIMAD.weaklySeparable_of_card_lt: [propext, Classical.choice, Quot.sound]
R0.AlmostDisjoint.eq_1: []
InfinitaryCombinatorics.Formalizations.A2.omega_lt_omega_add_one: [propext, Classical.choice, Quot.sound]
InfinitaryCombinatorics.Formalizations.R0.mad_image: [propext, Classical.choice, Quot.sound]
InfinitaryCombinatorics.Formalizations.FIMAD.infinite_tail_point: [propext, Classical.choice, Quot.sound]
InfinitaryCombinatorics.Formalizations.R0.countable_incidence_of_extension: [propext, Classical.choice, Quot.sound]
InfinitaryCombinatorics.Formalizations.FIMAD.uniform_trace_coding._proof_1_1: [propext, Classical.choice, Quot.sound]
InfinitaryCombinatorics.Formalizations.R0.remainderCardinals_nonempty: [propext, Classical.choice, Quot.sound]
InfinitaryCombinatorics.DisjointType.Realizes.strictMono_left: [propext, Quot.sound]
InfinitaryCombinatorics.Formalizations.R0.predecessor_completion._simp_1_2: [propext, Classical.choice, Quot.sound]
InfinitaryCombinatorics.delta_symm: [propext, Classical.choice, Quot.sound]
InfinitaryCombinatorics.Formalizations.A1.exists_avoiding_gap._proof_1_3: [propext, Quot.sound]
InfinitaryCombinatorics.Formalizations.R0.trace_diff_blocksOver: [propext, Classical.choice, Quot.sound]
InfinitaryCombinatorics.Formalizations.A1.cantorPair_unpair._proof_1_1: [propext, Quot.sound]
InfinitaryCombinatorics.Formalizations.R0.predecessor_completion_triangle: [propext, Classical.choice, Quot.sound]
InfinitaryCombinatorics.Formalizations.R0.assemble_remainders: [propext, Classical.choice, Quot.sound]
InfinitaryCombinatorics.nonFI_mad_extension: [propext, Classical.choice, Quot.sound]
R0.exists_minimal_splitting: [propext, Classical.choice, Quot.sound]
InfinitaryCombinatorics.Formalizations.A2.optionOrdinal._proof_2: [propext, Classical.choice, Quot.sound]
InfinitaryCombinatorics.Formalizations.A1.tri_mono: [propext, Classical.choice, Quot.sound]
InfinitaryCombinatorics.Ladder.eventually_above_finite: [propext, Classical.choice, Quot.sound]
InfinitaryCombinatorics.Formalizations.A1.pairInv_spec: [propext, Quot.sound]
InfinitaryCombinatorics.Formalizations.R0.mad_not_countable._simp_1_1: [propext]
InfinitaryCombinatorics.Directed.Cycle.mk.injEq: [propext]
InfinitaryCombinatorics.Formalizations.A1.antiColoring_on_omegaOne: [propext, Classical.choice, Quot.sound]
InfinitaryCombinatorics.Formalizations.A2.Agree.eq_1: []
InfinitaryCombinatorics.DisjointType.separated._proof_8: [propext, Quot.sound]
InfinitaryCombinatorics.splitBranchAux._proof_2: [propext, Classical.choice, Quot.sound]
InfinitaryCombinatorics.Formalizations.A2.one_add_natCast_eq_add_one: [propext, Classical.choice, Quot.sound]
InfinitaryCombinatorics.Formalizations.R0.remainder_orthogonal_invariance: [propext, Quot.sound]
InfinitaryCombinatorics.DisjointType.separated._proof_9: [propext, Quot.sound]
InfinitaryCombinatorics.Formalizations.R0.predGraph_subset_triangle: []
InfinitaryCombinatorics.Formalizations.A1.leftPos_ne_rightPos: [propext, Quot.sound]
InfinitaryCombinatorics.Directed.Cycle.positive: []
InfinitaryCombinatorics.Formalizations.R0.triangleRows._proof_1: [propext, Quot.sound]
InfinitaryCombinatorics.Formalizations.A1.two_gaps: [propext, Classical.choice, Quot.sound]
InfinitaryCombinatorics.Formalizations.A1.block_pair: [propext, Classical.choice, Quot.sound]
InfinitaryCombinatorics.Formalizations.R0.predGraph_infinite: [propext, Classical.choice, Quot.sound]
InfinitaryCombinatorics.DisjointType.depthLE_last: [propext]
R0.trace.eq_1: [propext, Classical.choice, Quot.sound]
InfinitaryCombinatorics.Formalizations.R0.extensionCost_eq_zero_of_maximal: [propext, Classical.choice, Quot.sound]
InfinitaryCombinatorics.Formalizations.R0.aleph0_le_almostDisjointnessNumber: [propext, Classical.choice, Quot.sound]
InfinitaryCombinatorics.Formalizations.R0.least_counterexample_cardinal: [propext, Classical.choice, Quot.sound]
InfinitaryCombinatorics.Formalizations.R0.triangleValue_le._proof_1_1: [propext, Quot.sound]
InfinitaryCombinatorics.splitBranch_antitone: [propext, Classical.choice, Quot.sound]
InfinitaryCombinatorics.infinite_ad_iff: []
InfinitaryCombinatorics.Formalizations.A2.boundaryColor_value: [propext, Classical.choice, Quot.sound]
InfinitaryCombinatorics.Formalizations.R0.predGraph_injective._proof_1_2: [propext, Quot.sound]
InfinitaryCombinatorics.Formalizations.A2.lemma_3_1: [propext, Classical.choice, Quot.sound]
InfinitaryCombinatorics.Formalizations.R0.AlmostEqual.symm: []
R0.FinSequence.mk.sizeOf_spec: [propext, Classical.choice, Quot.sound]
InfinitaryCombinatorics.Formalizations.A1.exists_pos._proof_1_9: [propext, Quot.sound]
InfinitaryCombinatorics.Formalizations.A1.exists_pos._proof_1_4: [propext, Quot.sound]
InfinitaryCombinatorics.Formalizations.R0.small_families_are_finIntersecting: [propext, Classical.choice, Quot.sound]
InfinitaryCombinatorics.Directed.Cycle.mk.inj: []
InfinitaryCombinatorics.Formalizations.R0.predGraph_injective._proof_1_1: [propext, Quot.sound]
InfinitaryCombinatorics.Formalizations.A2.prepend_firstDifference._proof_1_1: [propext, Quot.sound]
InfinitaryCombinatorics.Formalizations.R0.singleton_blocks_obstruction: [propext, Classical.choice, Quot.sound]
InfinitaryCombinatorics.InIdeal.mono: [propext, Classical.choice, Quot.sound]
InfinitaryCombinatorics.Formalizations.A2.proposition_5_3: [propext, Classical.choice, Quot.sound]
InfinitaryCombinatorics.Formalizations.FIMAD.unboundedCardinals_nonempty._proof_1_1: [propext, Quot.sound]
InfinitaryCombinatorics.Formalizations.A2.normalizedPullback._proof_1: [propext, Classical.choice, Quot.sound]
InfinitaryCombinatorics.Ladder.below: [propext, Classical.choice, Quot.sound]
InfinitaryCombinatorics.Formalizations.R0.predecessorRows._proof_4: [propext, Quot.sound]
InfinitaryCombinatorics.Formalizations.R0.selector_index_eq: [propext, Classical.choice, Quot.sound]
InfinitaryCombinatorics.finIntersecting_equiv: [propext, Classical.choice, Quot.sound]
InfinitaryCombinatorics.Formalizations.R0.predGraph_row_unique._proof_1_1: [propext, Quot.sound]
InfinitaryCombinatorics.Formalizations.R0.branch_inter_finite: [propext, Classical.choice, Quot.sound]
InfinitaryCombinatorics.Formalizations.R0.predecessor_completion._simp_1_3: [propext]
InfinitaryCombinatorics.Formalizations.R0.allBranches.eq_1: [propext, Classical.choice, Quot.sound]
InfinitaryCombinatorics.Formalizations.FIMAD.not_centered_of_finite_inter: [propext, Classical.choice, Quot.sound]
InfinitaryCombinatorics.Formalizations.A1.exists_block: [propext, Quot.sound]
InfinitaryCombinatorics.Formalizations.A2.fourEmbedding_delta: [propext, Classical.choice, Quot.sound]
InfinitaryCombinatorics.Formalizations.R0.exists_equiv_almostMatching: [propext, Classical.choice, Quot.sound]
InfinitaryCombinatorics.splitStep.congr_simp: [propext, Classical.choice, Quot.sound]
InfinitaryCombinatorics.Formalizations.A1.nextD_eq_of_empty: [propext, Classical.choice, Quot.sound]
InfinitaryCombinatorics.Formalizations.A2.rigid_lower_bound: [propext, Classical.choice, Quot.sound]
InfinitaryCombinatorics.Formalizations.A2.le_omega_of_lt_omega_add_one: [propext, Classical.choice, Quot.sound]
InfinitaryCombinatorics.PairColoring.mk.sizeOf_spec: []
InfinitaryCombinatorics.Formalizations.A2.sharpBranch_injective._simp_1_4: [propext, Classical.choice, Quot.sound]
InfinitaryCombinatorics.Formalizations.A1.not_KA_of_not_KAomegaOne: [propext, Classical.choice, Quot.sound]
InfinitaryCombinatorics.Formalizations.R0.triangleRows._proof_3: [propext, Quot.sound]
InfinitaryCombinatorics.Formalizations.R0.regularCode_injective: [propext, Classical.choice, Quot.sound]
InfinitaryCombinatorics.Directed.isDicoloring_pullback: []
InfinitaryCombinatorics.Formalizations.R0.predecessorRows._proof_3: [propext, Quot.sound]
InfinitaryCombinatorics.Formalizations.A1.block_pair._proof_1_1: [propext, Quot.sound]
R0.FinSequence.mk.inj: [propext, Classical.choice, Quot.sound]
InfinitaryCombinatorics.Formalizations.FIMAD.no_fi_mad_of_s_lt_ap_and_b: [propext, Classical.choice, Quot.sound]
InfinitaryCombinatorics.splitPick.eq_def: [propext, Classical.choice, Quot.sound]
InfinitaryCombinatorics.Formalizations.R0.triangleValue_eventually_ne._proof_1_1: [propext, Quot.sound]
InfinitaryCombinatorics.Formalizations.FIMAD.EventuallyEqual.infinite_inter: [propext, Classical.choice, Quot.sound]
InfinitaryCombinatorics.finIntersecting_of_countable: [propext, Classical.choice, Quot.sound]
InfinitaryCombinatorics.Formalizations.A1.countable_convex_partition: [propext, Classical.choice, Quot.sound]
InfinitaryCombinatorics.Formalizations.A1.nextD_fiber_injOn: [propext, Classical.choice, Quot.sound]
InfinitaryCombinatorics.Formalizations.R0.predGraph_ad: [propext, Classical.choice, Quot.sound]
InfinitaryCombinatorics.Formalizations.A2.normalizedPullback_regressive: [propext, Classical.choice, Quot.sound]
InfinitaryCombinatorics.Formalizations.FIMAD.nonseparableCardinals_nonempty: [propext, Classical.choice, Quot.sound]
InfinitaryCombinatorics.Formalizations.A1.tri_lt_succ: [propext, Quot.sound]
InfinitaryCombinatorics.Formalizations.R0.allBranches_card: [propext, Classical.choice, Quot.sound]
InfinitaryCombinatorics.Ladder.mk.injEq: [propext, Classical.choice, Quot.sound]
InfinitaryCombinatorics.Formalizations.A1.typeSeq_not_depthLE_zero._proof_1: [propext, Quot.sound]
R0.half.eq_1: [propext, Classical.choice, Quot.sound]
InfinitaryCombinatorics.Formalizations.A1.typeSeq._proof_5: [propext, Quot.sound]
InfinitaryCombinatorics.Formalizations.A1.cantorPair_injective: [propext, Classical.choice, Quot.sound]
InfinitaryCombinatorics.Formalizations.R0.singletonBlocks._proof_1: [propext, Classical.choice, Quot.sound]
InfinitaryCombinatorics.almostStronglySeparable_implies_SS: [propext, Classical.choice, Quot.sound]
InfinitaryCombinatorics.InIdeal.union: [propext, Classical.choice, Quot.sound]
InfinitaryCombinatorics.finIntersecting_mono: [propext, Classical.choice, Quot.sound]
InfinitaryCombinatorics.Formalizations.R0.mad_iff_infinite_maximalOn: [propext]
InfinitaryCombinatorics.Formalizations.FIMAD.Metatheory.relative_independence: [propext, Quot.sound]
InfinitaryCombinatorics.Formalizations.R0.triangleFamily_card: [propext, Classical.choice, Quot.sound]
InfinitaryCombinatorics.Formalizations.R0.triangleValue_ne_of_bit._proof_1_2: [propext, Classical.choice, Quot.sound]
InfinitaryCombinatorics.Formalizations.R0.predGraph_trace_tail: [propext, Classical.choice, Quot.sound]
InfinitaryCombinatorics.Formalizations.R0.triangleValue_ne_of_bit._proof_1_1: [propext, Classical.choice, Quot.sound]
InfinitaryCombinatorics.PairColoring.mk.inj: []
InfinitaryCombinatorics.Formalizations.R0.restriction_card_le: [propext, Classical.choice, Quot.sound]
InfinitaryCombinatorics.Formalizations.A2.restrictBranch.congr_simp: [propext, Classical.choice, Quot.sound]
InfinitaryCombinatorics.Formalizations.A1.tri_zero: []
InfinitaryCombinatorics.Formalizations.R0.binaryWordCode_surjective._proof_1_2: [propext, Quot.sound]
InfinitaryCombinatorics.Formalizations.A1.exists_avoiding_gap._proof_1_1: [propext, Quot.sound]
InfinitaryCombinatorics.Formalizations.R0.predGraph_cellFinite._proof_1_1: [propext, Quot.sound]
InfinitaryCombinatorics.Formalizations.R0.refinement_maximal: [propext, Classical.choice, Quot.sound]
InfinitaryCombinatorics.Formalizations.R0.AlmostEqual.infinite_iff: [propext, Classical.choice, Quot.sound]
InfinitaryCombinatorics.Formalizations.R0.mem_blocksOver_of_mem_block: [propext, Classical.choice, Quot.sound]
InfinitaryCombinatorics.Formalizations.A2.canonicalColoring.eq_1: [propext, Classical.choice, Quot.sound]
InfinitaryCombinatorics.Formalizations.R0.refinement_ad: [propext, Classical.choice, Quot.sound]
InfinitaryCombinatorics.Formalizations.A2.normalizedPullback_positive: [propext, Classical.choice, Quot.sound]
InfinitaryCombinatorics.DisjointType.cover: []
_private.InfinitaryCombinatorics.Delta.0.InfinitaryCombinatorics.difference_nonempty: [propext,
 Classical.choice,
 Quot.sound]
InfinitaryCombinatorics.Formalizations.A1.nextD_spec: [propext, Classical.choice, Quot.sound]
InfinitaryCombinatorics.Formalizations.A2.zeroExtend_injective: [propext, Classical.choice, Quot.sound]
InfinitaryCombinatorics.Formalizations.A1.not_K_iff._simp_1_4: [propext]
InfinitaryCombinatorics.Formalizations.A1.KA_implies_KAomegaOne: [propext, Classical.choice, Quot.sound]
InfinitaryCombinatorics.PairColoring.Monochromatic.mono: []
InfinitaryCombinatorics.Formalizations.R0.finite_refinement_card: [propext, Classical.choice, Quot.sound]
InfinitaryCombinatorics.Formalizations.R0.partitionPart_disjoint: [propext, Classical.choice, Quot.sound]
InfinitaryCombinatorics.monochromatic_hasClique: [propext, Classical.choice, Quot.sound]
InfinitaryCombinatorics.Formalizations.A1.offset_le_block._proof_1_1: [propext, Quot.sound]
InfinitaryCombinatorics.Formalizations.A1.rightPos_strictMono._proof_1_3: [propext, Quot.sound]
InfinitaryCombinatorics.Formalizations.FIMAD.uniform_trace_coding: [propext, Classical.choice, Quot.sound]
InfinitaryCombinatorics.Formalizations.R0.triangleFamily_almostDisjoint: [propext, Classical.choice, Quot.sound]
InfinitaryCombinatorics.Formalizations.A2.ne_at_delta: [propext, Classical.choice, Quot.sound]
InfinitaryCombinatorics.DisjointType.depthLE_swap: []
InfinitaryCombinatorics.Formalizations.R0.triangleHalf_infinite: [propext, Classical.choice, Quot.sound]
R0.node_mem_level: [propext, Classical.choice, Quot.sound]
InfinitaryCombinatorics.Formalizations.A2.sharpBranch_injective: [propext, Classical.choice, Quot.sound]
InfinitaryCombinatorics.Directed.acyclic_iff_dicoloring_unit: []
InfinitaryCombinatorics.Formalizations.FIMAD.uniform_trace_coding._proof_1_3: [propext, Classical.choice, Quot.sound]
InfinitaryCombinatorics.Formalizations.R0.selector_inter_finite: [propext, Classical.choice, Quot.sound]
InfinitaryCombinatorics.binary_no_three_same_split: [propext]
InfinitaryCombinatorics.Formalizations.A2.sharpColoring_noClique5: [propext, Classical.choice, Quot.sound]
InfinitaryCombinatorics.Formalizations.R0.predGraph_injective: [propext, Quot.sound]
InfinitaryCombinatorics.boundedDepth_of_boundedWidth: [propext, Classical.choice, Quot.sound]
InfinitaryCombinatorics.Formalizations.R0.CellFinite.eq_1: []
InfinitaryCombinatorics.Formalizations.R0.triangleRows._proof_4: [propext, Quot.sound]
InfinitaryCombinatorics.Formalizations.A2.rigid_lower_bound._proof_1_8: [propext, Classical.choice, Quot.sound]
R0.node_injective: [propext, Classical.choice, Quot.sound]
InfinitaryCombinatorics.Formalizations.R0.partitionPart_almostEqual._proof_1_3: [propext, Quot.sound]
InfinitaryCombinatorics.Formalizations.R0.predecessorRows._proof_6: [propext, Quot.sound]
InfinitaryCombinatorics.Formalizations.R0.refinement_mad: [propext, Classical.choice, Quot.sound]
InfinitaryCombinatorics.Formalizations.R0.madCardinals_nonempty: [propext, Classical.choice, Quot.sound]
InfinitaryCombinatorics.splitPick_mem: [propext, Classical.choice, Quot.sound]
InfinitaryCombinatorics.Formalizations.FIMAD.infinite_ad_not_mad_of_bounding._proof_1_1: [propext, Quot.sound]
InfinitaryCombinatorics.Formalizations.A2.omegaBranch_firstDifference: [propext, Classical.choice, Quot.sound]
InfinitaryCombinatorics.Formalizations.R0.allBranches_ad: [propext, Classical.choice, Quot.sound]
InfinitaryCombinatorics.pr1Witness_recolor: [propext, Classical.choice, Quot.sound]
InfinitaryCombinatorics.Formalizations.A1.le_cantorPair_left: [propext, Quot.sound]
InfinitaryCombinatorics.Formalizations.R0.cellFinite_projection: [propext, Classical.choice, Quot.sound]
InfinitaryCombinatorics.Formalizations.R0.branch_eq_halves: [propext, Classical.choice, Quot.sound]
InfinitaryCombinatorics.Formalizations.A1.rightPos_strictMono: [propext, Quot.sound]
InfinitaryCombinatorics.Formalizations.R0.treeFamily_orthogonal: [propext, Classical.choice, Quot.sound]
_private.InfinitaryCombinatorics.CountableSplitting.0.InfinitaryCombinatorics.splitBranchAux.match_1.eq_2: []
InfinitaryCombinatorics.DisjointType.Realizes.disjoint: [propext]
InfinitaryCombinatorics.Formalizations.A1.not_G_of_not_KA: [propext, Classical.choice, Quot.sound]
InfinitaryCombinatorics.delta.congr_simp: [propext, Classical.choice, Quot.sound]
InfinitaryCombinatorics.Formalizations.A2.delta_maximal._proof_1_3: [propext, Quot.sound]
InfinitaryCombinatorics.Formalizations.R0.regularCode_injective._proof_1_1: [propext, Quot.sound]
Kernel audit passed: 1096 declarations, 805 theorem constants; axioms: [propext, Quot.sound, Classical.choice]
