ℹ [1045/1081] Replayed Formalizations.A1.Check
info: Formalizations/A1/Check.lean:91:0: 'InfinitaryCombinatorics.Formalizations.A1.cantorPair_closedForm' depends on axioms: [propext, Quot.sound]
info: Formalizations/A1/Check.lean:92:0: 'InfinitaryCombinatorics.Formalizations.A1.countable_convex_partition' depends on axioms: [propext,
 Classical.choice,
 Quot.sound]
info: Formalizations/A1/Check.lean:93:0: 'InfinitaryCombinatorics.Formalizations.A1.typeGuessing_implies_hits_thin' depends on axioms: [propext,
 Classical.choice,
 Quot.sound]
info: Formalizations/A1/Check.lean:94:0: 'InfinitaryCombinatorics.Formalizations.A1.typeGuessing_implies_K_thin' depends on axioms: [propext,
 Classical.choice,
 Quot.sound]
info: Formalizations/A1/Check.lean:95:0: 'InfinitaryCombinatorics.Formalizations.A1.antiColoring_on_omegaOne' depends on axioms: [propext,
 Classical.choice,
 Quot.sound]
info: Formalizations/A1/Check.lean:96:0: 'InfinitaryCombinatorics.Formalizations.A1.BDTG_implies_KA' depends on axioms: [propext, Classical.choice, Quot.sound]
info: Formalizations/A1/Check.lean:97:0: 'InfinitaryCombinatorics.Formalizations.A1.Diamond_implies_ClubGuessing' depends on axioms: [propext,
 Classical.choice,
 Quot.sound]
info: Formalizations/A1/Check.lean:98:0: 'InfinitaryCombinatorics.Formalizations.A1.KA_implies_KAomegaOne' depends on axioms: [propext,
 Classical.choice,
 Quot.sound]
✔ [1074/1081] Built Formalizations.A2.Theorem23 (16s)
✔ [1075/1081] Built Formalizations.A2.SharpnessVariants (16s)
✔ [1076/1081] Built Formalizations.A2.Transfer (17s)
✔ [1077/1081] Built Formalizations.A2.Normalization (15s)
✔ [1078/1081] Built Formalizations.A2.Check (16s)
✔ [1079/1081] Built Formalizations.A2.Paper (20s)
✔ [1080/1081] Built Formalizations (16s)
Build completed successfully (1081 jobs).
