'InfinitaryCombinatorics.Formalizations.R0.exists_counterexample_of_size_s' depends on axioms: [propext,
 Classical.choice,
 Quot.sound]
'InfinitaryCombinatorics.Formalizations.R0.nonFinIntersectingNumber_eq_splittingNumber' depends on axioms: [propext,
 Classical.choice,
 Quot.sound]
'InfinitaryCombinatorics.Formalizations.A1.typeGuessing_implies_K_thin' depends on axioms: [propext,
 Classical.choice,
 Quot.sound]
'InfinitaryCombinatorics.Formalizations.A1.antiColoring_on_omegaOne' depends on axioms: [propext,
 Classical.choice,
 Quot.sound]
'InfinitaryCombinatorics.Formalizations.A1.BDTG_implies_KA' depends on axioms: [propext, Classical.choice, Quot.sound]
'InfinitaryCombinatorics.Formalizations.A1.Diamond_implies_ClubGuessing' depends on axioms: [propext,
 Classical.choice,
 Quot.sound]
'InfinitaryCombinatorics.Formalizations.A1.KA_implies_KAomegaOne' depends on axioms: [propext,
 Classical.choice,
 Quot.sound]
'InfinitaryCombinatorics.Formalizations.R0.exact_trace_realization' depends on axioms: [propext,
 Classical.choice,
 Quot.sound]
'InfinitaryCombinatorics.Formalizations.R0.uniform_nonFinIntersecting_mad' depends on axioms: [propext,
 Classical.choice,
 Quot.sound]
'InfinitaryCombinatorics.Formalizations.R0.countable_completion' depends on axioms: [propext,
 Classical.choice,
 Quot.sound]
'InfinitaryCombinatorics.Formalizations.R0.local_to_global_extension_bounds' depends on axioms: [propext,
 Classical.choice,
 Quot.sound]
'InfinitaryCombinatorics.Formalizations.R0.nonFinIntersecting_countable_incidence_transfer' depends on axioms: [propext,
 Classical.choice,
 Quot.sound]
'InfinitaryCombinatorics.Formalizations.R0.placement_formula' depends on axioms: [propext, Classical.choice, Quot.sound]
'InfinitaryCombinatorics.Formalizations.R0.trace_splitting_replacement' depends on axioms: [propext,
 Classical.choice,
 Quot.sound]
'InfinitaryCombinatorics.Formalizations.R0.triangle_counterexample' depends on axioms: [propext,
 Classical.choice,
 Quot.sound]
'InfinitaryCombinatorics.Formalizations.A2.theorem_2_2' depends on axioms: [propext, Classical.choice, Quot.sound]
'InfinitaryCombinatorics.Formalizations.A2.theorem_2_3' depends on axioms: [propext, Classical.choice, Quot.sound]
'InfinitaryCombinatorics.Formalizations.A2.theorem_2_4' depends on axioms: [propext, Classical.choice, Quot.sound]
'InfinitaryCombinatorics.Formalizations.A2.delta_maximal' depends on axioms: [propext, Classical.choice, Quot.sound]
'InfinitaryCombinatorics.Formalizations.A2.proposition_5_3' depends on axioms: [propext, Classical.choice, Quot.sound]
'InfinitaryCombinatorics.Formalizations.A2.normalizedPullback_on_zero_cone' depends on axioms: [propext,
 Classical.choice,
 Quot.sound]
'InfinitaryCombinatorics.Formalizations.A2.observation_counterexample' depends on axioms: [propext,
 Classical.choice,
 Quot.sound]
'InfinitaryCombinatorics.Formalizations.R0.cell_finite_relative_completion' depends on axioms: [propext,
 Classical.choice,
 Quot.sound]
'InfinitaryCombinatorics.Formalizations.R0.predecessor_completion_triangle' depends on axioms: [propext,
 Classical.choice,
 Quot.sound]
'InfinitaryCombinatorics.Formalizations.R0.exists_nonFinIntersecting_mad_size_a' depends on axioms: [propext,
 Classical.choice,
 Quot.sound]
'InfinitaryCombinatorics.Formalizations.R0.nonFinIntersecting_mad_size_a_iff' depends on axioms: [propext,
 Classical.choice,
 Quot.sound]
'InfinitaryCombinatorics.Formalizations.FIMAD.uniform_trace_coding' depends on axioms: [propext,
 Classical.choice,
 Quot.sound]
'InfinitaryCombinatorics.Formalizations.FIMAD.no_fi_mad_of_s_lt_ap_and_b' depends on axioms: [propext,
 Classical.choice,
 Quot.sound]
'InfinitaryCombinatorics.Formalizations.FIMAD.almostDisjointSeparationNumber_le_boundingNumber' depends on axioms: [propext,
 Classical.choice,
 Quot.sound]
'InfinitaryCombinatorics.Formalizations.FIMAD.exists_fi_mad_of_CH' depends on axioms: [propext,
 Classical.choice,
 Quot.sound]
'InfinitaryCombinatorics.Formalizations.FIMAD.exists_fi_mad_size_aleph_one_of_CH' depends on axioms: [propext,
 Classical.choice,
 Quot.sound]
'InfinitaryCombinatorics.Formalizations.FIMAD.ad_refinement_below_b' depends on axioms: [propext,
 Classical.choice,
 Quot.sound]
'InfinitaryCombinatorics.Formalizations.FIMAD.small_positive_extension' depends on axioms: [propext,
 Classical.choice,
 Quot.sound]
'InfinitaryCombinatorics.Formalizations.FIMAD.exists_fi_mad_extension_of_ap_eq_s_eq_continuum' depends on axioms: [propext,
 Classical.choice,
 Quot.sound]
'InfinitaryCombinatorics.Formalizations.FIMAD.exists_fi_mad_iff_s_eq_continuum_of_ap_eq_continuum' depends on axioms: [propext,
 Classical.choice,
 Quot.sound]
'InfinitaryCombinatorics.Formalizations.FIMAD.Metatheory.relative_independence' depends on axioms: [propext, Quot.sound]
'InfinitaryCombinatorics.Formalizations.FIMAD.Internal.FirstOrderBridge.satisfies_fimad_sentence' depends on axioms: [propext,
 Quot.sound]
'InfinitaryCombinatorics.Formalizations.FIMAD.ModelInterface.independent_of_models' depends on axioms: [propext,
 Classical.choice,
 Quot.sound]
'InfinitaryCombinatorics.Formalizations.FIMAD.finIntersecting_iff_memberwise' depends on axioms: [propext,
 Classical.choice,
 Quot.sound]
'InfinitaryCombinatorics.Formalizations.FIMAD.consequences_of_bmz_configuration' depends on axioms: [propext,
 Classical.choice,
 Quot.sound]
'InfinitaryCombinatorics.Formalizations.FIMAD.exists_fi_mad_of_a_lt_s' depends on axioms: [propext,
 Classical.choice,
 Quot.sound]
