InfinitaryCombinatorics.Formalizations.FIMAD.TypedModels.negative_model_of_not_top: [propext,
 Classical.choice,
 Quot.sound]
InfinitaryCombinatorics.Formalizations.FIMAD.Internal.Syntax.satisfies_FIFormula: [propext, Quot.sound]
InfinitaryCombinatorics.Formalizations.FIMAD.Internal.Syntax.satisfies_InjectionFormula._simp_1_5: [propext, Quot.sound]
InfinitaryCombinatorics.Formalizations.FIMAD.Internal.Value.eq_1: []
InfinitaryCombinatorics.Formalizations.FIMAD.Internal.Syntax.satisfies_FinSequenceFormula._simp_1_8: [propext,
 Quot.sound]
InfinitaryCombinatorics.Formalizations.FIMAD.Internal.Syntax.satisfies_InfiniteInterFormula._simp_1_4: [propext,
 Quot.sound]
InfinitaryCombinatorics.Formalizations.FIMAD.Internal.Syntax.satisfies_FIFormula._simp_1_4: [propext, Quot.sound]
InfinitaryCombinatorics.Formalizations.FIMAD.Internal.Syntax.satisfies_UnorderedPairFormula._simp_1: [propext,
 Quot.sound]
InfinitaryCombinatorics.Formalizations.FIMAD.Internal.Syntax.satisfies_SubsetFormula._simp_1_4: [propext, Quot.sound]
InfinitaryCombinatorics.Formalizations.FIMAD.Internal.Syntax.satisfies_SubsetFormula._simp_1: [propext, Quot.sound]
InfinitaryCombinatorics.Formalizations.FIMAD.Internal.FI.eq_1: []
InfinitaryCombinatorics.Formalizations.FIMAD.Internal.Syntax.satisfies_SuccFormula._simp_1_3: [propext, Quot.sound]
InfinitaryCombinatorics.Formalizations.FIMAD.Internal.Syntax.satisfies_ExistsFIMADFormula._simp_1_3: [propext,
 Quot.sound]
InfinitaryCombinatorics.Formalizations.FIMAD.Internal.Syntax.satisfies_ExistsFIMADFormula._simp_1_4: [propext,
 Quot.sound]
InfinitaryCombinatorics.Formalizations.FIMAD.Internal.Syntax.satisfies_MADFormula._simp_1: [propext, Quot.sound]
InfinitaryCombinatorics.Formalizations.FIMAD.Internal.Subset.eq_1: []
InfinitaryCombinatorics.Formalizations.FIMAD.TypedModels.BooleanQuotient.value_maximum: [propext,
 Classical.choice,
 Quot.sound]
InfinitaryCombinatorics.Formalizations.FIMAD.Internal.Syntax.satisfies_ADFormula._simp_1_7: [propext, Quot.sound]
InfinitaryCombinatorics.Formalizations.FIMAD.Internal.Syntax.closed_SuccFormula: [propext, Quot.sound]
InfinitaryCombinatorics.Formalizations.FIMAD.Internal.Syntax.closed_OmegaFormula: [propext, Quot.sound]
InfinitaryCombinatorics.Formalizations.FIMAD.Internal.Syntax.satisfies_EmptyFormula._simp_1_4: [propext, Quot.sound]
InfinitaryCombinatorics.Formalizations.FIMAD.Internal.Syntax.closed_FunctionOnFormula._simp_1: [propext, Quot.sound]
InfinitaryCombinatorics.Formalizations.FIMAD.Internal.Syntax.closed_MADFormula: [propext, Quot.sound]
InfinitaryCombinatorics.Formalizations.FIMAD.Internal.Syntax.satisfies_ADFormula._simp_1_5: [propext, Quot.sound]
InfinitaryCombinatorics.Formalizations.FIMAD.Internal.Succ.eq_1: []
InfinitaryCombinatorics.Formalizations.FIMAD.Internal.Syntax.satisfies_NonemptyFormula: [propext, Quot.sound]
InfinitaryCombinatorics.Formalizations.FIMAD.Internal.Syntax.satisfies_InductiveFormula._simp_1: [propext, Quot.sound]
InfinitaryCombinatorics.Formalizations.FIMAD.Internal.Syntax.closed_CommonTraceFormula: [propext, Quot.sound]
InfinitaryCombinatorics.Formalizations.FIMAD.Internal.Syntax.closed_ExistsFIMADFormula._simp_1_26: [propext, Quot.sound]
InfinitaryCombinatorics.Formalizations.FIMAD.Internal.Syntax.satisfies_NonemptyFormula._simp_1_3: [propext, Quot.sound]
InfinitaryCombinatorics.Formalizations.FIMAD.Internal.Syntax.satisfies_SingletonFormula._simp_1_5: [propext, Quot.sound]
InfinitaryCombinatorics.Formalizations.FIMAD.Internal.Syntax.satisfies_SuccFormula._simp_1: [propext, Quot.sound]
InfinitaryCombinatorics.Formalizations.FIMAD.Internal.Syntax.closed_FiniteFormula._simp_1_8: [propext, Quot.sound]
InfinitaryCombinatorics.Formalizations.FIMAD.CheckedZFC.infinity._proof_1: [propext, Quot.sound]
InfinitaryCombinatorics.Formalizations.FIMAD.TypedModels.UltrafilterTruth.meet_iff: []
InfinitaryCombinatorics.Formalizations.FIMAD.Internal.Syntax.FiniteFormula.eq_1: [propext]
InfinitaryCombinatorics.Formalizations.FIMAD.Internal.Syntax.satisfies_ADFormula._simp_1: [propext, Quot.sound]
InfinitaryCombinatorics.Formalizations.FIMAD.Internal.Syntax.satisfies_ValueFormula: [propext, Quot.sound]
InfinitaryCombinatorics.Formalizations.FIMAD.Internal.Syntax.satisfies_PairFormula: [propext, Quot.sound]
InfinitaryCombinatorics.Formalizations.FIMAD.Internal.Syntax.satisfies_InjectionFormula._simp_1_6: [propext, Quot.sound]
InfinitaryCombinatorics.Formalizations.FIMAD.Internal.Syntax.satisfies_InjectionFormula._simp_1: [propext, Quot.sound]
InfinitaryCombinatorics.Formalizations.FIMAD.Internal.Syntax.satisfies_MADFormula._simp_1_4: [propext, Quot.sound]
InfinitaryCombinatorics.Formalizations.FIMAD.Internal.Syntax.satisfies_PairFormula._simp_1_4: [propext, Quot.sound]
InfinitaryCombinatorics.Formalizations.FIMAD.Internal.Syntax.closed_InjectionFormula._simp_1: [propext, Quot.sound]
InfinitaryCombinatorics.Formalizations.FIMAD.Internal.Syntax.closed_CommonTraceFormula._simp_1_7: [propext, Quot.sound]
InfinitaryCombinatorics.Formalizations.FIMAD.Internal.Syntax.satisfies_FinSequenceFormula._simp_1_3: [propext,
 Quot.sound]
InfinitaryCombinatorics.Formalizations.FIMAD.Internal.Omega.eq_1: []
InfinitaryCombinatorics.Formalizations.FIMAD.Internal.Syntax.closed_FiniteFormula._simp_1: [propext, Quot.sound]
InfinitaryCombinatorics.Formalizations.FIMAD.Internal.Syntax.satisfies_ValueFormula._simp_1_5: [propext, Quot.sound]
InfinitaryCombinatorics.Formalizations.FIMAD.Internal.Pair.eq_1: []
InfinitaryCombinatorics.Formalizations.FIMAD.Internal.Syntax.satisfies_ADFormula._simp_1_3: [propext, Quot.sound]
InfinitaryCombinatorics.Formalizations.FIMAD.Internal.TraceAt.eq_1: []
InfinitaryCombinatorics.Formalizations.FIMAD.Internal.Syntax.satisfies_UnorderedPairFormula._simp_1_3: [propext,
 Quot.sound]
InfinitaryCombinatorics.Formalizations.FIMAD.Internal.Syntax.satisfies_InductiveFormula._simp_1_7: [propext, Quot.sound]
InfinitaryCombinatorics.Formalizations.FIMAD.Internal.Syntax.closed_TraceAtFormula._simp_1: [propext, Quot.sound]
InfinitaryCombinatorics.Formalizations.FIMAD.Internal.Syntax.satisfies_UnorderedPairFormula._simp_1_5: [propext,
 Quot.sound]
InfinitaryCombinatorics.Formalizations.FIMAD.Internal.Syntax.closed_ADFormula._simp_1_12: [propext, Quot.sound]
InfinitaryCombinatorics.Formalizations.FIMAD.Internal.Syntax.satisfies_FiniteFormula._simp_1: [propext, Quot.sound]
InfinitaryCombinatorics.Formalizations.FIMAD.Internal.Syntax.PairFormula.eq_1: [propext]
InfinitaryCombinatorics.Formalizations.FIMAD.Internal.Syntax.closed_FIFormula._simp_1_17: [propext, Quot.sound]
InfinitaryCombinatorics.Formalizations.FIMAD.TypedModels.BooleanQuotient.quotientStructure._proof_1: [propext,
 Quot.sound]
InfinitaryCombinatorics.Formalizations.FIMAD.Internal.Syntax.closed_MADFormula._simp_1: [propext, Quot.sound]
InfinitaryCombinatorics.Formalizations.FIMAD.TypedModels.CheckedBooleanZFC.project_zfc: [propext,
 Classical.choice,
 Quot.sound]
InfinitaryCombinatorics.Formalizations.FIMAD.Internal.Syntax.closed_FunctionOnFormula._simp_1_6: [propext, Quot.sound]
InfinitaryCombinatorics.Formalizations.FIMAD.Internal.Syntax.satisfies_SubsetFormula._simp_1_3: [propext, Quot.sound]
InfinitaryCombinatorics.Formalizations.FIMAD.Internal.Syntax.closed_OmegaFormula._simp_1_6: [propext, Quot.sound]
InfinitaryCombinatorics.Formalizations.FIMAD.Internal.Syntax.closed_FinSequenceFormula: [propext, Quot.sound]
InfinitaryCombinatorics.Formalizations.FIMAD.Internal.Syntax.satisfies_InfiniteInterFormula: [propext, Quot.sound]
InfinitaryCombinatorics.Formalizations.FIMAD.Internal.Syntax.satisfies_CommonTraceFormula._simp_1_7: [propext,
 Quot.sound]
InfinitaryCombinatorics.Formalizations.FIMAD.TypedModels.BooleanQuotient.quotientMap.eq_1: [propext, Quot.sound]
InfinitaryCombinatorics.Formalizations.FIMAD.Internal.Syntax.satisfies_InductiveFormula._simp_1_6: [propext, Quot.sound]
InfinitaryCombinatorics.Formalizations.FIMAD.Internal.Inductive.eq_1: []
InfinitaryCombinatorics.Formalizations.FIMAD.Internal.UnorderedPair.eq_1: []
InfinitaryCombinatorics.Formalizations.FIMAD.Internal.Syntax.satisfies_CommonTraceFormula._simp_1_6: [propext,
 Quot.sound]
InfinitaryCombinatorics.Formalizations.FIMAD.Internal.Syntax.closed_FinSequenceFormula._simp_1_11: [propext, Quot.sound]
InfinitaryCombinatorics.Formalizations.FIMAD.TypedModels.holds_iff_top: [propext, Quot.sound]
InfinitaryCombinatorics.Formalizations.FIMAD.Internal.Syntax.closed_ADFormula._simp_1: [propext, Quot.sound]
InfinitaryCombinatorics.Formalizations.FIMAD.Internal.Syntax.satisfies_FunctionOnFormula._simp_1: [propext, Quot.sound]
InfinitaryCombinatorics.Formalizations.FIMAD.Internal.Syntax.UnorderedPairFormula.eq_1: [propext]
InfinitaryCombinatorics.Formalizations.FIMAD.Internal.Syntax.satisfies_ValueFormula._simp_1_4: [propext, Quot.sound]
InfinitaryCombinatorics.Formalizations.FIMAD.TypedModels.value_correct: [propext, Quot.sound]
InfinitaryCombinatorics.Formalizations.FIMAD.Internal.Syntax.satisfies_RetainedFormula._simp_1_3: [propext, Quot.sound]
InfinitaryCombinatorics.Formalizations.FIMAD.Internal.Syntax.closed_SingletonFormula._simp_1_2: [propext, Quot.sound]
InfinitaryCombinatorics.Formalizations.FIMAD.Internal.Syntax.satisfies_FiniteFormula._simp_1_4: [propext, Quot.sound]
InfinitaryCombinatorics.Formalizations.FIMAD.TypedModels.BooleanQuotient.truth: [propext, Classical.choice, Quot.sound]
InfinitaryCombinatorics.Formalizations.FIMAD.Internal.Syntax.RetainedFormula.eq_1: [propext]
InfinitaryCombinatorics.Formalizations.FIMAD.Internal.Syntax.satisfies_FunctionOnFormula._simp_1_3: [propext,
 Quot.sound]
InfinitaryCombinatorics.Formalizations.FIMAD.Internal.Injection.eq_1: []
InfinitaryCombinatorics.Formalizations.FIMAD.Internal.Syntax.satisfies_SingletonFormula: [propext, Quot.sound]
InfinitaryCombinatorics.Formalizations.FIMAD.Internal.Syntax.satisfies_CommonTraceFormula._simp_1_3: [propext,
 Quot.sound]
InfinitaryCombinatorics.Formalizations.FIMAD.Internal.Syntax.satisfies_RestrictedTraceFormula._simp_1_6: [propext,
 Quot.sound]
InfinitaryCombinatorics.Formalizations.FIMAD.Internal.Syntax.satisfies_ValueFormula._simp_1: [propext, Quot.sound]
InfinitaryCombinatorics.Formalizations.FIMAD.Internal.Syntax.closed_SuccFormula._simp_1: [propext, Quot.sound]
InfinitaryCombinatorics.Formalizations.FIMAD.Internal.Syntax.satisfies_FinSequenceFormula._simp_1_4: [propext,
 Quot.sound]
InfinitaryCombinatorics.Formalizations.FIMAD.Internal.Syntax.InductiveFormula._proof_1: [propext]
InfinitaryCombinatorics.Formalizations.FIMAD.Internal.Syntax.closed_InfiniteFormula: [propext, Quot.sound]
InfinitaryCombinatorics.Formalizations.FIMAD.Internal.Syntax.satisfies_FinSequenceFormula._simp_1_5: [propext,
 Quot.sound]
InfinitaryCombinatorics.Formalizations.FIMAD.Internal.Syntax.satisfies_InfiniteFormula: [propext, Quot.sound]
InfinitaryCombinatorics.Formalizations.FIMAD.TypedModels.UltrafilterTruth.attained_sup_iff: []
InfinitaryCombinatorics.Formalizations.FIMAD.Internal.Syntax.sentence.eq_1: [propext, Quot.sound]
InfinitaryCombinatorics.Formalizations.FIMAD.Internal.Syntax.satisfies_EmptyFormula._simp_1_3: [propext, Quot.sound]
InfinitaryCombinatorics.Formalizations.FIMAD.Internal.Syntax.satisfies_ValueFormula._simp_1_3: [propext, Quot.sound]
InfinitaryCombinatorics.Formalizations.FIMAD.Internal.Syntax.closed_SingletonFormula: [propext, Quot.sound]
InfinitaryCombinatorics.Formalizations.FIMAD.TypedModels.BooleanQuotient.model_of_nonzero: [propext,
 Classical.choice,
 Quot.sound]
InfinitaryCombinatorics.Formalizations.FIMAD.TypedModels.consistency_of_nonzero: [propext, Classical.choice, Quot.sound]
InfinitaryCombinatorics.Formalizations.FIMAD.Internal.Syntax.closed_RetainedFormula._simp_1: [propext, Quot.sound]
InfinitaryCombinatorics.Formalizations.FIMAD.Internal.Syntax.satisfies_InfiniteInterFormula._simp_1_3: [propext,
 Quot.sound]
InfinitaryCombinatorics.Formalizations.FIMAD.Internal.Syntax.satisfies_ADFormula._simp_1_8: [propext, Quot.sound]
InfinitaryCombinatorics.Formalizations.FIMAD.Internal.Syntax.satisfies_EmptyFormula: [propext, Quot.sound]
InfinitaryCombinatorics.Formalizations.FIMAD.TypedModels.BooleanQuotient.membership_congr: [propext, Quot.sound]
InfinitaryCombinatorics.Formalizations.FIMAD.CheckedZFC.extensionality.eq_1: [propext, Quot.sound]
InfinitaryCombinatorics.Formalizations.FIMAD.Internal.ExistsFIMAD.eq_1: []
InfinitaryCombinatorics.Formalizations.FIMAD.Internal.Syntax.satisfies_FinSequenceFormula: [propext, Quot.sound]
InfinitaryCombinatorics.Formalizations.FIMAD.Internal.Syntax.satisfies_InterFormula._simp_1_4: [propext, Quot.sound]
InfinitaryCombinatorics.Formalizations.FIMAD.Internal.Singleton.eq_1: []
InfinitaryCombinatorics.Formalizations.FIMAD.Internal.Syntax.satisfies_SubsetFormula: [propext, Quot.sound]
InfinitaryCombinatorics.Formalizations.FIMAD.Internal.Syntax.satisfies_MADFormula._simp_1_6: [propext, Quot.sound]
InfinitaryCombinatorics.Formalizations.FIMAD.Internal.InfiniteInter.eq_1: []
InfinitaryCombinatorics.Formalizations.FIMAD.Internal.Syntax.closed_ADFormula: [propext, Quot.sound]
InfinitaryCombinatorics.Formalizations.FIMAD.Internal.Syntax.FunctionOnFormula._proof_1: [propext]
InfinitaryCombinatorics.Formalizations.FIMAD.Internal.Syntax.closed_EmptyFormula: [propext, Quot.sound]
InfinitaryCombinatorics.Formalizations.FIMAD.Internal.Infinite.eq_1: []
InfinitaryCombinatorics.Formalizations.FIMAD.TypedModels.native_semantics: [propext, Classical.choice, Quot.sound]
InfinitaryCombinatorics.Formalizations.FIMAD.Internal.Syntax.satisfies_ExistsFIMADFormula: [propext, Quot.sound]
InfinitaryCombinatorics.Formalizations.FIMAD.TypedModels.UltrafilterTruth.join_iff: [propext,
 Classical.choice,
 Quot.sound]
InfinitaryCombinatorics.Formalizations.FIMAD.Internal.Syntax.satisfies_PairFormula._simp_1: [propext, Quot.sound]
InfinitaryCombinatorics.Formalizations.FIMAD.Internal.Syntax.satisfies_RestrictedTraceFormula._simp_1: [propext,
 Quot.sound]
InfinitaryCombinatorics.Formalizations.FIMAD.Internal.AD.eq_1: []
InfinitaryCombinatorics.Formalizations.FIMAD.TypedModels.CheckedBooleanZFC.models_zfc: [propext,
 Classical.choice,
 Quot.sound]
InfinitaryCombinatorics.Formalizations.FIMAD.Internal.Syntax.closed_InductiveFormula._simp_1: [propext, Quot.sound]
InfinitaryCombinatorics.Formalizations.FIMAD.TypedModels.BooleanQuotient.quotientMap._proof_1: [propext, Quot.sound]
InfinitaryCombinatorics.Formalizations.FIMAD.Internal.Syntax.satisfies_SuccFormula._simp_1_6: [propext, Quot.sound]
InfinitaryCombinatorics.Formalizations.FIMAD.Internal.Syntax.FinSequenceFormula.eq_1: [propext]
InfinitaryCombinatorics.Formalizations.FIMAD.Internal.Syntax.closed_NonemptyFormula._simp_1: [propext, Quot.sound]
InfinitaryCombinatorics.Formalizations.FIMAD.Internal.Syntax.satisfies_UnorderedPairFormula._simp_1_6: [propext,
 Quot.sound]
InfinitaryCombinatorics.Formalizations.FIMAD.Internal.Syntax.closed_PairFormula: [propext, Quot.sound]
InfinitaryCombinatorics.Formalizations.FIMAD.Internal.Syntax.closed_FunctionOnFormula: [propext, Quot.sound]
InfinitaryCombinatorics.Formalizations.FIMAD.Internal.Syntax.satisfies_MADFormula._simp_1_5: [propext, Quot.sound]
InfinitaryCombinatorics.Formalizations.FIMAD.CheckedZFC.union._proof_1: [propext, Quot.sound]
InfinitaryCombinatorics.Formalizations.FIMAD.Internal.Syntax.closed_InterFormula._simp_1: [propext, Quot.sound]
InfinitaryCombinatorics.Formalizations.FIMAD.Internal.Syntax.CommonTraceFormula.eq_1: [propext]
InfinitaryCombinatorics.Formalizations.FIMAD.Internal.Syntax.closed_NonemptyFormula: [propext, Quot.sound]
InfinitaryCombinatorics.Formalizations.FIMAD.Internal.Syntax.closed_RestrictedTraceFormula._simp_1: [propext,
 Quot.sound]
InfinitaryCombinatorics.Formalizations.FIMAD.Internal.Syntax.NonemptyFormula.eq_1: [propext]
InfinitaryCombinatorics.Formalizations.FIMAD.Internal.Syntax.satisfies_InfiniteFormula._simp_1_3: [propext, Quot.sound]
InfinitaryCombinatorics.Formalizations.FIMAD.Internal.Syntax.closed_OmegaFormula._simp_1: [propext, Quot.sound]
InfinitaryCombinatorics.Formalizations.FIMAD.Internal.Syntax.InfiniteFormula.eq_1: [propext]
InfinitaryCombinatorics.Formalizations.FIMAD.Internal.Syntax.closed_ValueFormula._simp_1_5: [propext, Quot.sound]
InfinitaryCombinatorics.Formalizations.FIMAD.Internal.Syntax.satisfies_MADFormula._simp_1_7: [propext, Quot.sound]
InfinitaryCombinatorics.Formalizations.FIMAD.Internal.Syntax.satisfies_InterFormula._simp_1: [propext, Quot.sound]
InfinitaryCombinatorics.Formalizations.FIMAD.Internal.Syntax.satisfies_OmegaFormula: [propext, Quot.sound]
InfinitaryCombinatorics.Formalizations.FIMAD.TypedModels.UltrafilterTruth.imp_iff: [propext,
 Classical.choice,
 Quot.sound]
InfinitaryCombinatorics.Formalizations.FIMAD.Internal.Syntax.closed_ExistsFIMADFormula._simp_1: [propext, Quot.sound]
InfinitaryCombinatorics.Formalizations.FIMAD.Internal.Syntax.MADFormula.eq_1: [propext]
InfinitaryCombinatorics.Formalizations.FIMAD.Internal.Syntax.closed_MADFormula._simp_1_14: [propext, Quot.sound]
InfinitaryCombinatorics.Formalizations.FIMAD.Internal.Syntax.closed_SingletonFormula._simp_1: [propext, Quot.sound]
InfinitaryCombinatorics.Formalizations.FIMAD.Internal.Syntax.satisfies_FIFormula._simp_1_6: [propext, Quot.sound]
InfinitaryCombinatorics.Formalizations.FIMAD.Internal.Syntax.satisfies_UnorderedPairFormula: [propext, Quot.sound]
InfinitaryCombinatorics.Formalizations.FIMAD.Internal.Syntax.satisfies_InductiveFormula._simp_1_4: [propext, Quot.sound]
InfinitaryCombinatorics.Formalizations.FIMAD.Internal.Syntax.satisfies_RetainedFormula: [propext, Quot.sound]
InfinitaryCombinatorics.Formalizations.FIMAD.TypedModels.positive_consistency: [propext, Classical.choice, Quot.sound]
InfinitaryCombinatorics.Formalizations.FIMAD.CheckedZFC.foundation._proof_1: [propext, Quot.sound]
InfinitaryCombinatorics.Formalizations.FIMAD.Internal.Syntax.satisfies_InjectionFormula._simp_1_4: [propext, Quot.sound]
InfinitaryCombinatorics.Formalizations.FIMAD.Internal.Syntax.closed_InfiniteInterFormula: [propext, Quot.sound]
InfinitaryCombinatorics.Formalizations.FIMAD.Internal.Syntax.satisfies_RestrictedTraceFormula: [propext, Quot.sound]
InfinitaryCombinatorics.Formalizations.FIMAD.TypedModels.BooleanQuotient.nameSetoid._proof_1: [propext, Quot.sound]
InfinitaryCombinatorics.Formalizations.FIMAD.Internal.Syntax.SubsetFormula.eq_1: [propext]
InfinitaryCombinatorics.Formalizations.FIMAD.Internal.Syntax.closed_TraceAtFormula: [propext, Quot.sound]
InfinitaryCombinatorics.Formalizations.FIMAD.CheckedZFC.choice._proof_1: [propext, Quot.sound]
InfinitaryCombinatorics.Formalizations.FIMAD.Internal.Syntax.SingletonFormula.eq_1: [propext]
InfinitaryCombinatorics.Formalizations.FIMAD.Internal.Syntax.ADFormula.eq_1: [propext]
InfinitaryCombinatorics.Formalizations.FIMAD.Internal.Syntax.satisfies_InfiniteInterFormula._simp_1: [propext,
 Quot.sound]
InfinitaryCombinatorics.Formalizations.FIMAD.Internal.Syntax.satisfies_EmptyFormula._simp_1_5: [propext, Quot.sound]
InfinitaryCombinatorics.Formalizations.FIMAD.Internal.Inter.eq_1: []
InfinitaryCombinatorics.Formalizations.FIMAD.Internal.Syntax.closed_FIFormula._simp_1: [propext, Quot.sound]
InfinitaryCombinatorics.Formalizations.FIMAD.Internal.Syntax.satisfies_CommonTraceFormula._simp_1_4: [propext,
 Quot.sound]
InfinitaryCombinatorics.Formalizations.FIMAD.Internal.Syntax.sentence._proof_1: [propext, Quot.sound]
InfinitaryCombinatorics.Formalizations.FIMAD.Internal.Syntax.closed_FiniteFormula: [propext, Quot.sound]
InfinitaryCombinatorics.Formalizations.FIMAD.Internal.Syntax.satisfies_SuccFormula: [propext, Quot.sound]
InfinitaryCombinatorics.Formalizations.FIMAD.Internal.Syntax.satisfies_RetainedFormula._simp_1: [propext, Quot.sound]
InfinitaryCombinatorics.Formalizations.FIMAD.Internal.Syntax.closed_CommonTraceFormula._simp_1: [propext, Quot.sound]
InfinitaryCombinatorics.Formalizations.FIMAD.Internal.Syntax.satisfies_TraceAtFormula._simp_1_3: [propext, Quot.sound]
InfinitaryCombinatorics.Formalizations.FIMAD.Internal.Syntax.InductiveFormula.eq_1: [propext]
InfinitaryCombinatorics.Formalizations.FIMAD.Internal.Syntax.satisfies_FIFormula._simp_1_5: [propext, Quot.sound]
InfinitaryCombinatorics.Formalizations.FIMAD.TypedModels.name_model_satisfies_zfc: [propext,
 Classical.choice,
 Quot.sound]
InfinitaryCombinatorics.Formalizations.FIMAD.Internal.Syntax.OmegaFormula.eq_1: [propext]
InfinitaryCombinatorics.Formalizations.FIMAD.Internal.Syntax.closed_SubsetFormula: [propext, Quot.sound]
InfinitaryCombinatorics.Formalizations.FIMAD.Internal.Empty.eq_1: []
InfinitaryCombinatorics.Formalizations.FIMAD.Internal.Syntax.SubsetFormula._proof_1: [propext]
InfinitaryCombinatorics.Formalizations.FIMAD.Internal.Syntax.closed_TraceAtFormula._simp_1_6: [propext, Quot.sound]
InfinitaryCombinatorics.Formalizations.FIMAD.Internal.Syntax.satisfies_SingletonFormula._simp_1_4: [propext, Quot.sound]
InfinitaryCombinatorics.Formalizations.FIMAD.Internal.Syntax.closed_InjectionFormula: [propext, Quot.sound]
InfinitaryCombinatorics.Formalizations.FIMAD.Internal.Syntax.satisfies_PairFormula._simp_1_3: [propext, Quot.sound]
InfinitaryCombinatorics.Formalizations.FIMAD.Internal.Syntax.satisfies_NonemptyFormula._simp_1: [propext, Quot.sound]
InfinitaryCombinatorics.Formalizations.FIMAD.Internal.FinSequence.eq_1: []
InfinitaryCombinatorics.Formalizations.FIMAD.Internal.Syntax.EmptyFormula.eq_1: [propext]
InfinitaryCombinatorics.Formalizations.FIMAD.Internal.Syntax.closed_InductiveFormula._simp_1_4: [propext, Quot.sound]
InfinitaryCombinatorics.Formalizations.FIMAD.Internal.Syntax.satisfies_FinSequenceFormula._simp_1_6: [propext,
 Quot.sound]
InfinitaryCombinatorics.Formalizations.FIMAD.Internal.FunctionOn.eq_1: []
InfinitaryCombinatorics.Formalizations.FIMAD.Internal.Syntax.satisfies_SingletonFormula._simp_1_3: [propext, Quot.sound]
InfinitaryCombinatorics.Formalizations.FIMAD.Internal.Syntax.satisfies_CommonTraceFormula._simp_1: [propext, Quot.sound]
InfinitaryCombinatorics.Formalizations.FIMAD.Internal.Syntax.satisfies_FunctionOnFormula._simp_1_4: [propext,
 Quot.sound]
InfinitaryCombinatorics.Formalizations.FIMAD.Internal.Syntax.satisfies_RestrictedTraceFormula._simp_1_5: [propext,
 Quot.sound]
InfinitaryCombinatorics.Formalizations.FIMAD.Internal.Syntax.closed_FIFormula: [propext, Quot.sound]
InfinitaryCombinatorics.Formalizations.FIMAD.Internal.Syntax.satisfies_FiniteFormula: [propext, Quot.sound]
InfinitaryCombinatorics.Formalizations.FIMAD.Internal.Syntax.satisfies_ADFormula: [propext, Quot.sound]
InfinitaryCombinatorics.Formalizations.FIMAD.Internal.Syntax.satisfies_FinSequenceFormula._simp_1: [propext, Quot.sound]
InfinitaryCombinatorics.Formalizations.FIMAD.Internal.Syntax.InterFormula.eq_1: [propext]
InfinitaryCombinatorics.Formalizations.FIMAD.Internal.Syntax.satisfies_ExistsFIMADFormula._simp_1: [propext, Quot.sound]
InfinitaryCombinatorics.Formalizations.FIMAD.Internal.Syntax.TraceAtFormula.eq_1: [propext]
InfinitaryCombinatorics.Formalizations.FIMAD.Internal.Syntax.satisfies_FunctionOnFormula._simp_1_7: [propext,
 Quot.sound]
InfinitaryCombinatorics.Formalizations.FIMAD.Internal.Syntax.satisfies_TraceAtFormula._simp_1_4: [propext, Quot.sound]
InfinitaryCombinatorics.Formalizations.FIMAD.Internal.Syntax.closed_SuccFormula._simp_1_2: [propext, Quot.sound]
InfinitaryCombinatorics.Formalizations.FIMAD.Internal.Syntax.satisfies_RetainedFormula._simp_1_4: [propext, Quot.sound]
InfinitaryCombinatorics.Formalizations.FIMAD.Internal.Syntax.satisfies_SuccFormula._simp_1_4: [propext, Quot.sound]
InfinitaryCombinatorics.Formalizations.FIMAD.TypedModels.consistent_extension: [propext, Classical.choice, Quot.sound]
InfinitaryCombinatorics.Formalizations.FIMAD.Internal.RestrictedTrace.eq_1: []
InfinitaryCombinatorics.Formalizations.FIMAD.Internal.Syntax.satisfies_MADFormula._simp_1_3: [propext, Quot.sound]
InfinitaryCombinatorics.Formalizations.FIMAD.Internal.Syntax.satisfies_OmegaFormula._simp_1_4: [propext, Quot.sound]
InfinitaryCombinatorics.Formalizations.FIMAD.Internal.Syntax.satisfies_SuccFormula._simp_1_5: [propext, Quot.sound]
InfinitaryCombinatorics.Formalizations.FIMAD.Internal.Syntax.SuccFormula.eq_1: [propext]
InfinitaryCombinatorics.Formalizations.FIMAD.Internal.Syntax.satisfies_UnorderedPairFormula._simp_1_4: [propext,
 Quot.sound]
InfinitaryCombinatorics.Formalizations.FIMAD.CheckedZFC.emptySet._proof_1: [propext, Quot.sound]
InfinitaryCombinatorics.Formalizations.FIMAD.Internal.Syntax.satisfies_SubsetFormula._simp_1_5: [propext, Quot.sound]
InfinitaryCombinatorics.Formalizations.FIMAD.Internal.Syntax.closed_EmptyFormula._simp_1: [propext, Quot.sound]
InfinitaryCombinatorics.Formalizations.FIMAD.Internal.Syntax.InjectionFormula.eq_1: [propext]
InfinitaryCombinatorics.Formalizations.FIMAD.Internal.Syntax.FunctionOnFormula.eq_1: [propext]
InfinitaryCombinatorics.Formalizations.FIMAD.Internal.Syntax.closed_RestrictedTraceFormula: [propext, Quot.sound]
InfinitaryCombinatorics.Formalizations.FIMAD.Internal.Syntax.FIFormula.eq_1: [propext]
InfinitaryCombinatorics.Formalizations.FIMAD.Internal.Finite.eq_1: []
InfinitaryCombinatorics.Formalizations.FIMAD.Internal.Syntax.satisfies_ADFormula._simp_1_4: [propext, Quot.sound]
InfinitaryCombinatorics.Formalizations.FIMAD.Internal.MAD.eq_1: []
InfinitaryCombinatorics.Formalizations.FIMAD.Internal.Syntax.closed_InterFormula: [propext, Quot.sound]
InfinitaryCombinatorics.Formalizations.FIMAD.Internal.Syntax.ValueFormula.eq_1: [propext]
InfinitaryCombinatorics.Formalizations.FIMAD.Internal.Syntax.closed_FinSequenceFormula._simp_1: [propext, Quot.sound]
InfinitaryCombinatorics.Formalizations.FIMAD.Internal.Syntax.satisfies_FIFormula._simp_1: [propext, Quot.sound]
InfinitaryCombinatorics.Formalizations.FIMAD.Internal.Syntax.closed_PairFormula._simp_1: [propext, Quot.sound]
InfinitaryCombinatorics.Formalizations.FIMAD.Internal.Syntax.closed_InfiniteFormula._simp_1: [propext, Quot.sound]
InfinitaryCombinatorics.Formalizations.FIMAD.Internal.Syntax.closed_InfiniteFormula._simp_1_9: [propext, Quot.sound]
InfinitaryCombinatorics.Formalizations.FIMAD.Internal.Syntax.satisfies_NonemptyFormula._simp_1_4: [propext, Quot.sound]
InfinitaryCombinatorics.Formalizations.FIMAD.Internal.Syntax.satisfies_ADFormula._simp_1_6: [propext, Quot.sound]
InfinitaryCombinatorics.Formalizations.FIMAD.Internal.Syntax.satisfies_FunctionOnFormula: [propext, Quot.sound]
InfinitaryCombinatorics.Formalizations.FIMAD.Internal.Syntax.satisfies_InductiveFormula: [propext, Quot.sound]
InfinitaryCombinatorics.Formalizations.FIMAD.Internal.Syntax.closed_InfiniteInterFormula._simp_1_11: [propext,
 Quot.sound]
InfinitaryCombinatorics.Formalizations.FIMAD.Internal.Syntax.satisfies_InductiveFormula._simp_1_3: [propext, Quot.sound]
InfinitaryCombinatorics.Formalizations.FIMAD.Internal.Syntax.satisfies_FIFormula._simp_1_3: [propext, Quot.sound]
InfinitaryCombinatorics.Formalizations.FIMAD.Internal.Syntax.closed_UnorderedPairFormula._simp_1_2: [propext,
 Quot.sound]
InfinitaryCombinatorics.Formalizations.FIMAD.Internal.Syntax.closed_UnorderedPairFormula: [propext, Quot.sound]
InfinitaryCombinatorics.Formalizations.FIMAD.CheckedZFC.extensionality._proof_1: [propext, Quot.sound]
InfinitaryCombinatorics.Formalizations.FIMAD.Internal.Syntax.satisfies_OmegaFormula._simp_1: [propext, Quot.sound]
InfinitaryCombinatorics.Formalizations.FIMAD.Internal.Syntax.InfiniteInterFormula.eq_1: [propext]
InfinitaryCombinatorics.Formalizations.FIMAD.Internal.Syntax.closed_RestrictedTraceFormula._simp_1_7: [propext,
 Quot.sound]
InfinitaryCombinatorics.Formalizations.FIMAD.TypedModels.UltrafilterTruth.neg_iff: [propext,
 Classical.choice,
 Quot.sound]
InfinitaryCombinatorics.Formalizations.FIMAD.Internal.Syntax.satisfies_FIFormula._simp_1_7: [propext, Quot.sound]
InfinitaryCombinatorics.Formalizations.FIMAD.Internal.Syntax.satisfies_RestrictedTraceFormula._simp_1_4: [propext,
 Quot.sound]
InfinitaryCombinatorics.Formalizations.FIMAD.TypedModels.BooleanQuotient.models_zfc: [propext,
 Classical.choice,
 Quot.sound]
InfinitaryCombinatorics.Formalizations.FIMAD.Internal.Syntax.satisfies_MADFormula: [propext, Quot.sound]
InfinitaryCombinatorics.Formalizations.FIMAD.Internal.Syntax.FinSequenceFormula._proof_2: [propext]
InfinitaryCombinatorics.Formalizations.FIMAD.Internal.Syntax.satisfies_InterFormula._simp_1_5: [propext, Quot.sound]
InfinitaryCombinatorics.Formalizations.FIMAD.Internal.Syntax.closed_UnorderedPairFormula._simp_1: [propext, Quot.sound]
InfinitaryCombinatorics.Formalizations.FIMAD.Internal.Syntax.satisfies_FiniteFormula._simp_1_5: [propext, Quot.sound]
InfinitaryCombinatorics.Formalizations.FIMAD.Internal.CommonTrace.eq_1: []
InfinitaryCombinatorics.Formalizations.FIMAD.Internal.Syntax.closed_InjectionFormula._simp_1_7: [propext, Quot.sound]
InfinitaryCombinatorics.Formalizations.FIMAD.CheckedZFC.powerSet._proof_1: [propext, Quot.sound]
InfinitaryCombinatorics.Formalizations.FIMAD.Internal.Syntax.satisfies_FunctionOnFormula._simp_1_6: [propext,
 Quot.sound]
InfinitaryCombinatorics.Formalizations.FIMAD.Internal.Syntax.satisfies_InterFormula._simp_1_6: [propext, Quot.sound]
InfinitaryCombinatorics.Formalizations.FIMAD.Internal.Syntax.closed_PairFormula._simp_1_4: [propext, Quot.sound]
InfinitaryCombinatorics.Formalizations.FIMAD.Internal.Syntax.satisfies_FiniteFormula._simp_1_3: [propext, Quot.sound]
InfinitaryCombinatorics.Formalizations.FIMAD.Internal.Syntax.closed_InfiniteInterFormula._simp_1: [propext, Quot.sound]
InfinitaryCombinatorics.Formalizations.FIMAD.Internal.Nonempty.eq_1: []
InfinitaryCombinatorics.Formalizations.FIMAD.Internal.Syntax.ExistsFIMADFormula.eq_1: [propext]
InfinitaryCombinatorics.Formalizations.FIMAD.Internal.Syntax.satisfies_EmptyFormula._simp_1: [propext, Quot.sound]
InfinitaryCombinatorics.Formalizations.FIMAD.Internal.Syntax.closed_ValueFormula: [propext, Quot.sound]
InfinitaryCombinatorics.Formalizations.FIMAD.CheckedZFC.pairing._proof_1: [propext, Quot.sound]
InfinitaryCombinatorics.Formalizations.FIMAD.Internal.Syntax.satisfies_TraceAtFormula._simp_1: [propext, Quot.sound]
InfinitaryCombinatorics.Formalizations.FIMAD.TypedModels.positive_model_of_nonzero: [propext,
 Classical.choice,
 Quot.sound]
InfinitaryCombinatorics.Formalizations.FIMAD.TypedModels.BooleanQuotient.extensional: [propext,
 Classical.choice,
 Quot.sound]
InfinitaryCombinatorics.Formalizations.FIMAD.Internal.Syntax.closed_ExistsFIMADFormula: [propext, Quot.sound]
InfinitaryCombinatorics.Formalizations.FIMAD.TypedModels.UltrafilterTruth.attained_inf_iff: []
InfinitaryCombinatorics.Formalizations.FIMAD.Internal.Retained.eq_1: []
InfinitaryCombinatorics.Formalizations.FIMAD.Internal.Syntax.FinSequenceFormula._proof_1: [propext]
InfinitaryCombinatorics.Formalizations.FIMAD.TypedModels.BooleanQuotient.membership._proof_1: [propext, Quot.sound]
InfinitaryCombinatorics.Formalizations.FIMAD.Internal.Syntax.satisfies_InterFormula: [propext, Quot.sound]
InfinitaryCombinatorics.Formalizations.FIMAD.Internal.Syntax.satisfies_InjectionFormula._simp_1_3: [propext, Quot.sound]
InfinitaryCombinatorics.Formalizations.FIMAD.Internal.Syntax.satisfies_FunctionOnFormula._simp_1_5: [propext,
 Quot.sound]
InfinitaryCombinatorics.Formalizations.FIMAD.Internal.Syntax.closed_InductiveFormula: [propext, Quot.sound]
InfinitaryCombinatorics.Formalizations.FIMAD.TypedModels.UltrafilterTruth.iff_iff: [propext,
 Classical.choice,
 Quot.sound]
InfinitaryCombinatorics.Formalizations.FIMAD.Internal.Syntax.satisfies_SingletonFormula._simp_1: [propext, Quot.sound]
InfinitaryCombinatorics.Formalizations.FIMAD.Internal.Syntax.closed_RetainedFormula._simp_1_12: [propext, Quot.sound]
InfinitaryCombinatorics.Formalizations.FIMAD.Internal.Syntax.satisfies_TraceAtFormula._simp_1_5: [propext, Quot.sound]
InfinitaryCombinatorics.Formalizations.FIMAD.Internal.Syntax.satisfies_TraceAtFormula: [propext, Quot.sound]
InfinitaryCombinatorics.Formalizations.FIMAD.Internal.Syntax.sentence_semantics: [propext, Classical.choice, Quot.sound]
InfinitaryCombinatorics.Formalizations.FIMAD.Internal.Syntax.satisfies_OmegaFormula._simp_1_5: [propext, Quot.sound]
InfinitaryCombinatorics.Formalizations.FIMAD.Internal.Syntax.satisfies_InductiveFormula._simp_1_5: [propext, Quot.sound]
InfinitaryCombinatorics.Formalizations.FIMAD.TypedModels.BooleanQuotient.classOf.eq_1: [propext, Quot.sound]
InfinitaryCombinatorics.Formalizations.FIMAD.Internal.Syntax.closed_ValueFormula._simp_1: [propext, Quot.sound]
InfinitaryCombinatorics.Formalizations.FIMAD.Internal.Syntax.satisfies_InterFormula._simp_1_3: [propext, Quot.sound]
InfinitaryCombinatorics.Formalizations.FIMAD.Internal.Syntax.satisfies_CommonTraceFormula: [propext, Quot.sound]
InfinitaryCombinatorics.Formalizations.FIMAD.Internal.Syntax.closed_RetainedFormula: [propext, Quot.sound]
InfinitaryCombinatorics.Formalizations.FIMAD.Internal.Syntax.satisfies_OmegaFormula._simp_1_3: [propext, Quot.sound]
InfinitaryCombinatorics.Formalizations.FIMAD.Internal.Syntax.satisfies_InfiniteFormula._simp_1: [propext, Quot.sound]
InfinitaryCombinatorics.Formalizations.FIMAD.Internal.Syntax.satisfies_RestrictedTraceFormula._simp_1_3: [propext,
 Quot.sound]
InfinitaryCombinatorics.Formalizations.FIMAD.Internal.Syntax.closed_SubsetFormula._simp_1: [propext, Quot.sound]
InfinitaryCombinatorics.Formalizations.FIMAD.Internal.Syntax.satisfies_InjectionFormula: [propext, Quot.sound]
InfinitaryCombinatorics.Formalizations.FIMAD.TypedModels.negative_consistency: [propext, Classical.choice, Quot.sound]
InfinitaryCombinatorics.Formalizations.FIMAD.Internal.Syntax.RestrictedTraceFormula.eq_1: [propext]
InfinitaryCombinatorics.Formalizations.FIMAD.Internal.Syntax.satisfies_FinSequenceFormula._simp_1_7: [propext,
 Quot.sound]
InfinitaryCombinatorics.Formalizations.FIMAD.Internal.Syntax.satisfies_CommonTraceFormula._simp_1_5: [propext,
 Quot.sound]
Typed model audit passed: 399 declarations, 308 theorem constants
